{
  "version": "1.5.0",
  "plugins_used": [
    {
      "name": "ArtifactoryDetector"
    },
    {
      "name": "AWSKeyDetector"
    },
    {
      "name": "AzureStorageKeyDetector"
    },
    {
      "name": "Base64HighEntropyString",
      "limit": 4.5
    },
    {
      "name": "BasicAuthDetector"
    },
    {
      "name": "CloudantDetector"
    },
    {
      "name": "DiscordBotTokenDetector"
    },
    {
      "name": "GitHubTokenDetector"
    },
    {
      "name": "GitLabTokenDetector"
    },
    {
      "name": "HexHighEntropyString",
      "limit": 3.0
    },
    {
      "name": "IbmCloudIamDetector"
    },
    {
      "name": "IbmCosHmacDetector"
    },
    {
      "name": "IPPublicDetector"
    },
    {
      "name": "JwtTokenDetector"
    },
    {
      "name": "KeywordDetector",
      "keyword_exclude": ""
    },
    {
      "name": "MailchimpDetector"
    },
    {
      "name": "NpmDetector"
    },
    {
      "name": "OpenAIDetector"
    },
    {
      "name": "PrivateKeyDetector"
    },
    {
      "name": "PypiTokenDetector"
    },
    {
      "name": "SendGridDetector"
    },
    {
      "name": "SlackDetector"
    },
    {
      "name": "SoftlayerDetector"
    },
    {
      "name": "SquareOAuthDetector"
    },
    {
      "name": "StripeDetector"
    },
    {
      "name": "TelegramBotTokenDetector"
    },
    {
      "name": "TwilioKeyDetector"
    }
  ],
  "filters_used": [
    {
      "path": "detect_secrets.filters.allowlist.is_line_allowlisted"
    },
    {
      "path": "detect_secrets.filters.common.is_ignored_due_to_verification_policies",
      "min_level": 2
    },
    {
      "path": "detect_secrets.filters.heuristic.is_indirect_reference"
    },
    {
      "path": "detect_secrets.filters.heuristic.is_likely_id_string"
    },
    {
      "path": "detect_secrets.filters.heuristic.is_lock_file"
    },
    {
      "path": "detect_secrets.filters.heuristic.is_not_alphanumeric_string"
    },
    {
      "path": "detect_secrets.filters.heuristic.is_potential_uuid"
    },
    {
      "path": "detect_secrets.filters.heuristic.is_prefixed_with_dollar_sign"
    },
    {
      "path": "detect_secrets.filters.heuristic.is_sequential_string"
    },
    {
      "path": "detect_secrets.filters.heuristic.is_swagger_file"
    },
    {
      "path": "detect_secrets.filters.heuristic.is_templated_secret"
    },
    {
      "path": "detect_secrets.filters.regex.should_exclude_file",
      "pattern": [
        "vendor/|puta-lighthouse.*"
      ]
    }
  ],
  "results": {
    "AI_ASSISTANT_README.md": [
      {
        "type": "Secret Keyword",
        "filename": "AI_ASSISTANT_README.md",
        "hashed_secret": "779e7304f3d26eaa9d0196326443cbfcbb853e6c",
        "is_verified": false,
        "line_number": 100
      }
    ],
    "Sf excel/SYSTEM_DOCUMENTATION.php": [
      {
        "type": "Secret Keyword",
        "filename": "Sf excel/SYSTEM_DOCUMENTATION.php",
        "hashed_secret": "26092925740e28172d4ec6276c55adfaed2b8b50",
        "is_verified": false,
        "line_number": 884
      }
    ],
    "quick_oracle_deploy.sh": [
      {
        "type": "Secret Keyword",
        "filename": "quick_oracle_deploy.sh",
        "hashed_secret": "dd6bd4c82448e4a1202b450df4a2b12f4995a036",
        "is_verified": false,
        "line_number": 107
      }
    ],
    "tools/detect_secrets.baseline": [
      {
        "type": "Hex High Entropy String",
        "filename": "tools/detect_secrets.baseline",
        "hashed_secret": "74c80998ddc5d392cab07cf01c613582befd0bb0",
        "is_verified": false,
        "line_number": 130
      },
      {
        "type": "Secret Keyword",
        "filename": "tools/detect_secrets.baseline",
        "hashed_secret": "74c80998ddc5d392cab07cf01c613582befd0bb0",
        "is_verified": false,
        "line_number": 130
      },
      {
        "type": "Hex High Entropy String",
        "filename": "tools/detect_secrets.baseline",
        "hashed_secret": "4fbc7ed1b9420305c99c39ce4e661cc1fb1821a4",
        "is_verified": false,
        "line_number": 139
      },
      {
        "type": "Secret Keyword",
        "filename": "tools/detect_secrets.baseline",
        "hashed_secret": "4fbc7ed1b9420305c99c39ce4e661cc1fb1821a4",
        "is_verified": false,
        "line_number": 139
      },
      {
        "type": "Hex High Entropy String",
        "filename": "tools/detect_secrets.baseline",
        "hashed_secret": "8421dbf6cfe430fa44132af25294cb6c0eb4cd0f",
        "is_verified": false,
        "line_number": 148
      },
      {
        "type": "Secret Keyword",
        "filename": "tools/detect_secrets.baseline",
        "hashed_secret": "8421dbf6cfe430fa44132af25294cb6c0eb4cd0f",
        "is_verified": false,
        "line_number": 148
      },
      {
        "type": "Hex High Entropy String",
        "filename": "tools/detect_secrets.baseline",
        "hashed_secret": "70b6b1a103b1a25a3aaf5dd74f50a2cd99c4348d",
        "is_verified": false,
        "line_number": 157
      },
      {
        "type": "Secret Keyword",
        "filename": "tools/detect_secrets.baseline",
        "hashed_secret": "70b6b1a103b1a25a3aaf5dd74f50a2cd99c4348d",
        "is_verified": false,
        "line_number": 157
      },
      {
        "type": "Hex High Entropy String",
        "filename": "tools/detect_secrets.baseline",
        "hashed_secret": "763866cba1028520c92a8f2aa20590d1a6a6db64",
        "is_verified": false,
        "line_number": 166
      },
      {
        "type": "Secret Keyword",
        "filename": "tools/detect_secrets.baseline",
        "hashed_secret": "763866cba1028520c92a8f2aa20590d1a6a6db64",
        "is_verified": false,
        "line_number": 166
      },
      {
        "type": "Hex High Entropy String",
        "filename": "tools/detect_secrets.baseline",
        "hashed_secret": "d667996a31fb3b8a8d156d6eb82d8bc1282beeec",
        "is_verified": false,
        "line_number": 175
      },
      {
        "type": "Secret Keyword",
        "filename": "tools/detect_secrets.baseline",
        "hashed_secret": "d667996a31fb3b8a8d156d6eb82d8bc1282beeec",
        "is_verified": false,
        "line_number": 175
      },
      {
        "type": "Hex High Entropy String",
        "filename": "tools/detect_secrets.baseline",
        "hashed_secret": "487263260c46ee93ab7a837313771fc27f57b5f3",
        "is_verified": false,
        "line_number": 184
      },
      {
        "type": "Secret Keyword",
        "filename": "tools/detect_secrets.baseline",
        "hashed_secret": "487263260c46ee93ab7a837313771fc27f57b5f3",
        "is_verified": false,
        "line_number": 184
      },
      {
        "type": "Hex High Entropy String",
        "filename": "tools/detect_secrets.baseline",
        "hashed_secret": "08d7ef965a8b58ee50b1b070cd6fa773fa5e9ee2",
        "is_verified": false,
        "line_number": 193
      },
      {
        "type": "Secret Keyword",
        "filename": "tools/detect_secrets.baseline",
        "hashed_secret": "08d7ef965a8b58ee50b1b070cd6fa773fa5e9ee2",
        "is_verified": false,
        "line_number": 193
      },
      {
        "type": "Hex High Entropy String",
        "filename": "tools/detect_secrets.baseline",
        "hashed_secret": "553220324a91ef882fbf6d3e941db2fb4b626442",
        "is_verified": false,
        "line_number": 200
      },
      {
        "type": "Secret Keyword",
        "filename": "tools/detect_secrets.baseline",
        "hashed_secret": "553220324a91ef882fbf6d3e941db2fb4b626442",
        "is_verified": false,
        "line_number": 200
      },
      {
        "type": "Hex High Entropy String",
        "filename": "tools/detect_secrets.baseline",
        "hashed_secret": "d538aa18e6e28e3e7962bc13fabcf9b0a18773c4",
        "is_verified": false,
        "line_number": 209
      },
      {
        "type": "Secret Keyword",
        "filename": "tools/detect_secrets.baseline",
        "hashed_secret": "d538aa18e6e28e3e7962bc13fabcf9b0a18773c4",
        "is_verified": false,
        "line_number": 209
      },
      {
        "type": "Hex High Entropy String",
        "filename": "tools/detect_secrets.baseline",
        "hashed_secret": "e729bbf1c2dd9d8322b7dff345c4ca068885b565",
        "is_verified": false,
        "line_number": 234
      },
      {
        "type": "Secret Keyword",
        "filename": "tools/detect_secrets.baseline",
        "hashed_secret": "e729bbf1c2dd9d8322b7dff345c4ca068885b565",
        "is_verified": false,
        "line_number": 234
      },
      {
        "type": "Hex High Entropy String",
        "filename": "tools/detect_secrets.baseline",
        "hashed_secret": "bb05c74336af121fb12beeeb458cca736e8f6aea",
        "is_verified": false,
        "line_number": 241
      },
      {
        "type": "Secret Keyword",
        "filename": "tools/detect_secrets.baseline",
        "hashed_secret": "bb05c74336af121fb12beeeb458cca736e8f6aea",
        "is_verified": false,
        "line_number": 241
      },
      {
        "type": "Hex High Entropy String",
        "filename": "tools/detect_secrets.baseline",
        "hashed_secret": "40b8fc1f76b85bd8a0c9af8f9689e765f2ce3674",
        "is_verified": false,
        "line_number": 248
      },
      {
        "type": "Secret Keyword",
        "filename": "tools/detect_secrets.baseline",
        "hashed_secret": "40b8fc1f76b85bd8a0c9af8f9689e765f2ce3674",
        "is_verified": false,
        "line_number": 248
      },
      {
        "type": "Hex High Entropy String",
        "filename": "tools/detect_secrets.baseline",
        "hashed_secret": "826218453a69180cea7e78adbfe33d0a60908053",
        "is_verified": false,
        "line_number": 255
      },
      {
        "type": "Secret Keyword",
        "filename": "tools/detect_secrets.baseline",
        "hashed_secret": "826218453a69180cea7e78adbfe33d0a60908053",
        "is_verified": false,
        "line_number": 255
      },
      {
        "type": "Hex High Entropy String",
        "filename": "tools/detect_secrets.baseline",
        "hashed_secret": "5a3252292e2fef0e089236574219ff5070ad965d",
        "is_verified": false,
        "line_number": 262
      },
      {
        "type": "Secret Keyword",
        "filename": "tools/detect_secrets.baseline",
        "hashed_secret": "5a3252292e2fef0e089236574219ff5070ad965d",
        "is_verified": false,
        "line_number": 262
      },
      {
        "type": "Hex High Entropy String",
        "filename": "tools/detect_secrets.baseline",
        "hashed_secret": "16caeab1a82aac08336fbc5a0e2d302cda562036",
        "is_verified": false,
        "line_number": 269
      },
      {
        "type": "Secret Keyword",
        "filename": "tools/detect_secrets.baseline",
        "hashed_secret": "16caeab1a82aac08336fbc5a0e2d302cda562036",
        "is_verified": false,
        "line_number": 269
      },
      {
        "type": "Hex High Entropy String",
        "filename": "tools/detect_secrets.baseline",
        "hashed_secret": "adcd267d0c737f00399de47a5d230ac553938fa6",
        "is_verified": false,
        "line_number": 276
      },
      {
        "type": "Secret Keyword",
        "filename": "tools/detect_secrets.baseline",
        "hashed_secret": "adcd267d0c737f00399de47a5d230ac553938fa6",
        "is_verified": false,
        "line_number": 276
      },
      {
        "type": "Hex High Entropy String",
        "filename": "tools/detect_secrets.baseline",
        "hashed_secret": "c55685574dd61c1d4274873eb7bed9b7602e6370",
        "is_verified": false,
        "line_number": 283
      },
      {
        "type": "Secret Keyword",
        "filename": "tools/detect_secrets.baseline",
        "hashed_secret": "c55685574dd61c1d4274873eb7bed9b7602e6370",
        "is_verified": false,
        "line_number": 283
      },
      {
        "type": "Hex High Entropy String",
        "filename": "tools/detect_secrets.baseline",
        "hashed_secret": "8a6939f6b5aa570668d78bd4c5e20699b3f69693",
        "is_verified": false,
        "line_number": 290
      },
      {
        "type": "Secret Keyword",
        "filename": "tools/detect_secrets.baseline",
        "hashed_secret": "8a6939f6b5aa570668d78bd4c5e20699b3f69693",
        "is_verified": false,
        "line_number": 290
      },
      {
        "type": "Hex High Entropy String",
        "filename": "tools/detect_secrets.baseline",
        "hashed_secret": "b824a6edbbc3e015c1f98bc1a9596f79b9705226",
        "is_verified": false,
        "line_number": 297
      },
      {
        "type": "Secret Keyword",
        "filename": "tools/detect_secrets.baseline",
        "hashed_secret": "b824a6edbbc3e015c1f98bc1a9596f79b9705226",
        "is_verified": false,
        "line_number": 297
      },
      {
        "type": "Hex High Entropy String",
        "filename": "tools/detect_secrets.baseline",
        "hashed_secret": "4356e329740222167b1f7fe2a7e254eef7e6e849",
        "is_verified": false,
        "line_number": 304
      },
      {
        "type": "Secret Keyword",
        "filename": "tools/detect_secrets.baseline",
        "hashed_secret": "4356e329740222167b1f7fe2a7e254eef7e6e849",
        "is_verified": false,
        "line_number": 304
      },
      {
        "type": "Hex High Entropy String",
        "filename": "tools/detect_secrets.baseline",
        "hashed_secret": "1eec2a5ac19135df82e38308e423f31723762166",
        "is_verified": false,
        "line_number": 311
      },
      {
        "type": "Secret Keyword",
        "filename": "tools/detect_secrets.baseline",
        "hashed_secret": "1eec2a5ac19135df82e38308e423f31723762166",
        "is_verified": false,
        "line_number": 311
      },
      {
        "type": "Hex High Entropy String",
        "filename": "tools/detect_secrets.baseline",
        "hashed_secret": "844d6225b7648e5313887432a8a073dac9748952",
        "is_verified": false,
        "line_number": 318
      },
      {
        "type": "Secret Keyword",
        "filename": "tools/detect_secrets.baseline",
        "hashed_secret": "844d6225b7648e5313887432a8a073dac9748952",
        "is_verified": false,
        "line_number": 318
      },
      {
        "type": "Hex High Entropy String",
        "filename": "tools/detect_secrets.baseline",
        "hashed_secret": "2da41de479dcdebb6bf5c5adce5f4c8c593132ea",
        "is_verified": false,
        "line_number": 327
      },
      {
        "type": "Secret Keyword",
        "filename": "tools/detect_secrets.baseline",
        "hashed_secret": "2da41de479dcdebb6bf5c5adce5f4c8c593132ea",
        "is_verified": false,
        "line_number": 327
      },
      {
        "type": "Hex High Entropy String",
        "filename": "tools/detect_secrets.baseline",
        "hashed_secret": "aee41830ea3ca14bcfb25429661768ef13ba7145",
        "is_verified": false,
        "line_number": 427
      },
      {
        "type": "Secret Keyword",
        "filename": "tools/detect_secrets.baseline",
        "hashed_secret": "aee41830ea3ca14bcfb25429661768ef13ba7145",
        "is_verified": false,
        "line_number": 427
      },
      {
        "type": "Hex High Entropy String",
        "filename": "tools/detect_secrets.baseline",
        "hashed_secret": "9718449ab965b52c8c40ce526f7b2c86b6d25b22",
        "is_verified": false,
        "line_number": 436
      },
      {
        "type": "Secret Keyword",
        "filename": "tools/detect_secrets.baseline",
        "hashed_secret": "9718449ab965b52c8c40ce526f7b2c86b6d25b22",
        "is_verified": false,
        "line_number": 436
      }
    ],
    "tools/detect_secrets_scan.baseline": [
      {
        "type": "Hex High Entropy String",
        "filename": "tools/detect_secrets_scan.baseline",
        "hashed_secret": "74c80998ddc5d392cab07cf01c613582befd0bb0",
        "is_verified": false,
        "line_number": 130
      },
      {
        "type": "Secret Keyword",
        "filename": "tools/detect_secrets_scan.baseline",
        "hashed_secret": "74c80998ddc5d392cab07cf01c613582befd0bb0",
        "is_verified": false,
        "line_number": 130
      },
      {
        "type": "Hex High Entropy String",
        "filename": "tools/detect_secrets_scan.baseline",
        "hashed_secret": "4fbc7ed1b9420305c99c39ce4e661cc1fb1821a4",
        "is_verified": false,
        "line_number": 139
      },
      {
        "type": "Secret Keyword",
        "filename": "tools/detect_secrets_scan.baseline",
        "hashed_secret": "4fbc7ed1b9420305c99c39ce4e661cc1fb1821a4",
        "is_verified": false,
        "line_number": 139
      },
      {
        "type": "Hex High Entropy String",
        "filename": "tools/detect_secrets_scan.baseline",
        "hashed_secret": "8421dbf6cfe430fa44132af25294cb6c0eb4cd0f",
        "is_verified": false,
        "line_number": 148
      },
      {
        "type": "Secret Keyword",
        "filename": "tools/detect_secrets_scan.baseline",
        "hashed_secret": "8421dbf6cfe430fa44132af25294cb6c0eb4cd0f",
        "is_verified": false,
        "line_number": 148
      },
      {
        "type": "Hex High Entropy String",
        "filename": "tools/detect_secrets_scan.baseline",
        "hashed_secret": "70b6b1a103b1a25a3aaf5dd74f50a2cd99c4348d",
        "is_verified": false,
        "line_number": 157
      },
      {
        "type": "Secret Keyword",
        "filename": "tools/detect_secrets_scan.baseline",
        "hashed_secret": "70b6b1a103b1a25a3aaf5dd74f50a2cd99c4348d",
        "is_verified": false,
        "line_number": 157
      },
      {
        "type": "Hex High Entropy String",
        "filename": "tools/detect_secrets_scan.baseline",
        "hashed_secret": "763866cba1028520c92a8f2aa20590d1a6a6db64",
        "is_verified": false,
        "line_number": 166
      },
      {
        "type": "Secret Keyword",
        "filename": "tools/detect_secrets_scan.baseline",
        "hashed_secret": "763866cba1028520c92a8f2aa20590d1a6a6db64",
        "is_verified": false,
        "line_number": 166
      },
      {
        "type": "Hex High Entropy String",
        "filename": "tools/detect_secrets_scan.baseline",
        "hashed_secret": "d667996a31fb3b8a8d156d6eb82d8bc1282beeec",
        "is_verified": false,
        "line_number": 175
      },
      {
        "type": "Secret Keyword",
        "filename": "tools/detect_secrets_scan.baseline",
        "hashed_secret": "d667996a31fb3b8a8d156d6eb82d8bc1282beeec",
        "is_verified": false,
        "line_number": 175
      },
      {
        "type": "Hex High Entropy String",
        "filename": "tools/detect_secrets_scan.baseline",
        "hashed_secret": "487263260c46ee93ab7a837313771fc27f57b5f3",
        "is_verified": false,
        "line_number": 184
      },
      {
        "type": "Secret Keyword",
        "filename": "tools/detect_secrets_scan.baseline",
        "hashed_secret": "487263260c46ee93ab7a837313771fc27f57b5f3",
        "is_verified": false,
        "line_number": 184
      },
      {
        "type": "Hex High Entropy String",
        "filename": "tools/detect_secrets_scan.baseline",
        "hashed_secret": "e5120c74c3081ae79de464e992c1448a108cbdbc",
        "is_verified": false,
        "line_number": 193
      },
      {
        "type": "Secret Keyword",
        "filename": "tools/detect_secrets_scan.baseline",
        "hashed_secret": "e5120c74c3081ae79de464e992c1448a108cbdbc",
        "is_verified": false,
        "line_number": 193
      },
      {
        "type": "Hex High Entropy String",
        "filename": "tools/detect_secrets_scan.baseline",
        "hashed_secret": "1f28d55fa74e686b87becf8d326cc7b2bec865b8",
        "is_verified": false,
        "line_number": 207
      },
      {
        "type": "Secret Keyword",
        "filename": "tools/detect_secrets_scan.baseline",
        "hashed_secret": "1f28d55fa74e686b87becf8d326cc7b2bec865b8",
        "is_verified": false,
        "line_number": 207
      },
      {
        "type": "Hex High Entropy String",
        "filename": "tools/detect_secrets_scan.baseline",
        "hashed_secret": "c867fa36d1c0a7047f1c06b90c5e3f9d4791250c",
        "is_verified": false,
        "line_number": 221
      },
      {
        "type": "Secret Keyword",
        "filename": "tools/detect_secrets_scan.baseline",
        "hashed_secret": "c867fa36d1c0a7047f1c06b90c5e3f9d4791250c",
        "is_verified": false,
        "line_number": 221
      },
      {
        "type": "Hex High Entropy String",
        "filename": "tools/detect_secrets_scan.baseline",
        "hashed_secret": "c63ccce17d2f8402c76de7f1eb5d92b2215dfc89",
        "is_verified": false,
        "line_number": 235
      },
      {
        "type": "Secret Keyword",
        "filename": "tools/detect_secrets_scan.baseline",
        "hashed_secret": "c63ccce17d2f8402c76de7f1eb5d92b2215dfc89",
        "is_verified": false,
        "line_number": 235
      },
      {
        "type": "Hex High Entropy String",
        "filename": "tools/detect_secrets_scan.baseline",
        "hashed_secret": "dfc04507ee5c64c8ae19d98fc6ddb90a83ee5b0f",
        "is_verified": false,
        "line_number": 249
      },
      {
        "type": "Secret Keyword",
        "filename": "tools/detect_secrets_scan.baseline",
        "hashed_secret": "dfc04507ee5c64c8ae19d98fc6ddb90a83ee5b0f",
        "is_verified": false,
        "line_number": 249
      },
      {
        "type": "Hex High Entropy String",
        "filename": "tools/detect_secrets_scan.baseline",
        "hashed_secret": "cfefd6c8ccd63d657f6447243dbe1ffa3f991666",
        "is_verified": false,
        "line_number": 263
      },
      {
        "type": "Secret Keyword",
        "filename": "tools/detect_secrets_scan.baseline",
        "hashed_secret": "cfefd6c8ccd63d657f6447243dbe1ffa3f991666",
        "is_verified": false,
        "line_number": 263
      },
      {
        "type": "Hex High Entropy String",
        "filename": "tools/detect_secrets_scan.baseline",
        "hashed_secret": "534a1df3cb7f7a39c2bfb7ff4030388749f7c077",
        "is_verified": false,
        "line_number": 277
      },
      {
        "type": "Secret Keyword",
        "filename": "tools/detect_secrets_scan.baseline",
        "hashed_secret": "534a1df3cb7f7a39c2bfb7ff4030388749f7c077",
        "is_verified": false,
        "line_number": 277
      },
      {
        "type": "Hex High Entropy String",
        "filename": "tools/detect_secrets_scan.baseline",
        "hashed_secret": "46a3e21662f37c29a9238c21d7006eb1da14a263",
        "is_verified": false,
        "line_number": 291
      },
      {
        "type": "Secret Keyword",
        "filename": "tools/detect_secrets_scan.baseline",
        "hashed_secret": "46a3e21662f37c29a9238c21d7006eb1da14a263",
        "is_verified": false,
        "line_number": 291
      },
      {
        "type": "Hex High Entropy String",
        "filename": "tools/detect_secrets_scan.baseline",
        "hashed_secret": "af0a9e3411ea6577662fa00d4aca36cd6c20430f",
        "is_verified": false,
        "line_number": 305
      },
      {
        "type": "Secret Keyword",
        "filename": "tools/detect_secrets_scan.baseline",
        "hashed_secret": "af0a9e3411ea6577662fa00d4aca36cd6c20430f",
        "is_verified": false,
        "line_number": 305
      },
      {
        "type": "Hex High Entropy String",
        "filename": "tools/detect_secrets_scan.baseline",
        "hashed_secret": "9fd65c0561dec410d83afebf6d6bdac1017da37a",
        "is_verified": false,
        "line_number": 319
      },
      {
        "type": "Secret Keyword",
        "filename": "tools/detect_secrets_scan.baseline",
        "hashed_secret": "9fd65c0561dec410d83afebf6d6bdac1017da37a",
        "is_verified": false,
        "line_number": 319
      },
      {
        "type": "Hex High Entropy String",
        "filename": "tools/detect_secrets_scan.baseline",
        "hashed_secret": "b40c0b482b7551cf2269a45fb92d1e5f2334586e",
        "is_verified": false,
        "line_number": 333
      },
      {
        "type": "Secret Keyword",
        "filename": "tools/detect_secrets_scan.baseline",
        "hashed_secret": "b40c0b482b7551cf2269a45fb92d1e5f2334586e",
        "is_verified": false,
        "line_number": 333
      },
      {
        "type": "Hex High Entropy String",
        "filename": "tools/detect_secrets_scan.baseline",
        "hashed_secret": "3429c7b501a12b5a833101371c946f018fe411c8",
        "is_verified": false,
        "line_number": 347
      },
      {
        "type": "Secret Keyword",
        "filename": "tools/detect_secrets_scan.baseline",
        "hashed_secret": "3429c7b501a12b5a833101371c946f018fe411c8",
        "is_verified": false,
        "line_number": 347
      },
      {
        "type": "Hex High Entropy String",
        "filename": "tools/detect_secrets_scan.baseline",
        "hashed_secret": "44f5ff5a81063d2efafb69433e24c35fe5062702",
        "is_verified": false,
        "line_number": 361
      },
      {
        "type": "Secret Keyword",
        "filename": "tools/detect_secrets_scan.baseline",
        "hashed_secret": "44f5ff5a81063d2efafb69433e24c35fe5062702",
        "is_verified": false,
        "line_number": 361
      },
      {
        "type": "Hex High Entropy String",
        "filename": "tools/detect_secrets_scan.baseline",
        "hashed_secret": "d0a0dbb817f89b2cc08c4fdb92b4185bc6cb73aa",
        "is_verified": false,
        "line_number": 375
      },
      {
        "type": "Secret Keyword",
        "filename": "tools/detect_secrets_scan.baseline",
        "hashed_secret": "d0a0dbb817f89b2cc08c4fdb92b4185bc6cb73aa",
        "is_verified": false,
        "line_number": 375
      },
      {
        "type": "Hex High Entropy String",
        "filename": "tools/detect_secrets_scan.baseline",
        "hashed_secret": "0146d3c5e24bb1da302f334179ae0d83001e80a7",
        "is_verified": false,
        "line_number": 389
      },
      {
        "type": "Secret Keyword",
        "filename": "tools/detect_secrets_scan.baseline",
        "hashed_secret": "0146d3c5e24bb1da302f334179ae0d83001e80a7",
        "is_verified": false,
        "line_number": 389
      },
      {
        "type": "Hex High Entropy String",
        "filename": "tools/detect_secrets_scan.baseline",
        "hashed_secret": "0b5eb6b6851ec8e0db2ebe6fa472b30d46012a7a",
        "is_verified": false,
        "line_number": 403
      },
      {
        "type": "Secret Keyword",
        "filename": "tools/detect_secrets_scan.baseline",
        "hashed_secret": "0b5eb6b6851ec8e0db2ebe6fa472b30d46012a7a",
        "is_verified": false,
        "line_number": 403
      },
      {
        "type": "Hex High Entropy String",
        "filename": "tools/detect_secrets_scan.baseline",
        "hashed_secret": "745e1f8f287fb5a4312cc26d0771242c39f561cd",
        "is_verified": false,
        "line_number": 417
      },
      {
        "type": "Secret Keyword",
        "filename": "tools/detect_secrets_scan.baseline",
        "hashed_secret": "745e1f8f287fb5a4312cc26d0771242c39f561cd",
        "is_verified": false,
        "line_number": 417
      },
      {
        "type": "Hex High Entropy String",
        "filename": "tools/detect_secrets_scan.baseline",
        "hashed_secret": "50ef840f475c94a15940c9faf5e010a91a5c2234",
        "is_verified": false,
        "line_number": 431
      },
      {
        "type": "Secret Keyword",
        "filename": "tools/detect_secrets_scan.baseline",
        "hashed_secret": "50ef840f475c94a15940c9faf5e010a91a5c2234",
        "is_verified": false,
        "line_number": 431
      },
      {
        "type": "Hex High Entropy String",
        "filename": "tools/detect_secrets_scan.baseline",
        "hashed_secret": "1635111e054381beadd0329fa08fe266c5254cc1",
        "is_verified": false,
        "line_number": 445
      },
      {
        "type": "Secret Keyword",
        "filename": "tools/detect_secrets_scan.baseline",
        "hashed_secret": "1635111e054381beadd0329fa08fe266c5254cc1",
        "is_verified": false,
        "line_number": 445
      },
      {
        "type": "Hex High Entropy String",
        "filename": "tools/detect_secrets_scan.baseline",
        "hashed_secret": "93c4b294dd342a4719ecbb573f30c879b9e21c46",
        "is_verified": false,
        "line_number": 459
      },
      {
        "type": "Secret Keyword",
        "filename": "tools/detect_secrets_scan.baseline",
        "hashed_secret": "93c4b294dd342a4719ecbb573f30c879b9e21c46",
        "is_verified": false,
        "line_number": 459
      },
      {
        "type": "Hex High Entropy String",
        "filename": "tools/detect_secrets_scan.baseline",
        "hashed_secret": "429b723c7f87fa319715022cc27aa72a81ecd989",
        "is_verified": false,
        "line_number": 473
      },
      {
        "type": "Secret Keyword",
        "filename": "tools/detect_secrets_scan.baseline",
        "hashed_secret": "429b723c7f87fa319715022cc27aa72a81ecd989",
        "is_verified": false,
        "line_number": 473
      },
      {
        "type": "Hex High Entropy String",
        "filename": "tools/detect_secrets_scan.baseline",
        "hashed_secret": "bdbdfe61f63cdc6968e834fae1c3bde764276da4",
        "is_verified": false,
        "line_number": 487
      },
      {
        "type": "Secret Keyword",
        "filename": "tools/detect_secrets_scan.baseline",
        "hashed_secret": "bdbdfe61f63cdc6968e834fae1c3bde764276da4",
        "is_verified": false,
        "line_number": 487
      },
      {
        "type": "Hex High Entropy String",
        "filename": "tools/detect_secrets_scan.baseline",
        "hashed_secret": "1ede16762b8a281cb6f5639fe53cf3875e1c992f",
        "is_verified": false,
        "line_number": 501
      },
      {
        "type": "Secret Keyword",
        "filename": "tools/detect_secrets_scan.baseline",
        "hashed_secret": "1ede16762b8a281cb6f5639fe53cf3875e1c992f",
        "is_verified": false,
        "line_number": 501
      },
      {
        "type": "Hex High Entropy String",
        "filename": "tools/detect_secrets_scan.baseline",
        "hashed_secret": "9fa95d13e2a10d5a4cc2feb8e3289492d49c55d2",
        "is_verified": false,
        "line_number": 515
      },
      {
        "type": "Secret Keyword",
        "filename": "tools/detect_secrets_scan.baseline",
        "hashed_secret": "9fa95d13e2a10d5a4cc2feb8e3289492d49c55d2",
        "is_verified": false,
        "line_number": 515
      },
      {
        "type": "Hex High Entropy String",
        "filename": "tools/detect_secrets_scan.baseline",
        "hashed_secret": "5512ab7a8dba1f94f2f06d1ffbccbb04641f1c7b",
        "is_verified": false,
        "line_number": 529
      },
      {
        "type": "Secret Keyword",
        "filename": "tools/detect_secrets_scan.baseline",
        "hashed_secret": "5512ab7a8dba1f94f2f06d1ffbccbb04641f1c7b",
        "is_verified": false,
        "line_number": 529
      },
      {
        "type": "Hex High Entropy String",
        "filename": "tools/detect_secrets_scan.baseline",
        "hashed_secret": "fe67382f95bdd113926a91ab41fd9461c6ff0d31",
        "is_verified": false,
        "line_number": 543
      },
      {
        "type": "Secret Keyword",
        "filename": "tools/detect_secrets_scan.baseline",
        "hashed_secret": "fe67382f95bdd113926a91ab41fd9461c6ff0d31",
        "is_verified": false,
        "line_number": 543
      },
      {
        "type": "Hex High Entropy String",
        "filename": "tools/detect_secrets_scan.baseline",
        "hashed_secret": "08d7ef965a8b58ee50b1b070cd6fa773fa5e9ee2",
        "is_verified": false,
        "line_number": 559
      },
      {
        "type": "Secret Keyword",
        "filename": "tools/detect_secrets_scan.baseline",
        "hashed_secret": "08d7ef965a8b58ee50b1b070cd6fa773fa5e9ee2",
        "is_verified": false,
        "line_number": 559
      },
      {
        "type": "Hex High Entropy String",
        "filename": "tools/detect_secrets_scan.baseline",
        "hashed_secret": "553220324a91ef882fbf6d3e941db2fb4b626442",
        "is_verified": false,
        "line_number": 566
      },
      {
        "type": "Secret Keyword",
        "filename": "tools/detect_secrets_scan.baseline",
        "hashed_secret": "553220324a91ef882fbf6d3e941db2fb4b626442",
        "is_verified": false,
        "line_number": 566
      },
      {
        "type": "Hex High Entropy String",
        "filename": "tools/detect_secrets_scan.baseline",
        "hashed_secret": "d538aa18e6e28e3e7962bc13fabcf9b0a18773c4",
        "is_verified": false,
        "line_number": 575
      },
      {
        "type": "Secret Keyword",
        "filename": "tools/detect_secrets_scan.baseline",
        "hashed_secret": "d538aa18e6e28e3e7962bc13fabcf9b0a18773c4",
        "is_verified": false,
        "line_number": 575
      },
      {
        "type": "Hex High Entropy String",
        "filename": "tools/detect_secrets_scan.baseline",
        "hashed_secret": "e729bbf1c2dd9d8322b7dff345c4ca068885b565",
        "is_verified": false,
        "line_number": 600
      },
      {
        "type": "Secret Keyword",
        "filename": "tools/detect_secrets_scan.baseline",
        "hashed_secret": "e729bbf1c2dd9d8322b7dff345c4ca068885b565",
        "is_verified": false,
        "line_number": 600
      },
      {
        "type": "Hex High Entropy String",
        "filename": "tools/detect_secrets_scan.baseline",
        "hashed_secret": "bb05c74336af121fb12beeeb458cca736e8f6aea",
        "is_verified": false,
        "line_number": 607
      },
      {
        "type": "Secret Keyword",
        "filename": "tools/detect_secrets_scan.baseline",
        "hashed_secret": "bb05c74336af121fb12beeeb458cca736e8f6aea",
        "is_verified": false,
        "line_number": 607
      },
      {
        "type": "Hex High Entropy String",
        "filename": "tools/detect_secrets_scan.baseline",
        "hashed_secret": "40b8fc1f76b85bd8a0c9af8f9689e765f2ce3674",
        "is_verified": false,
        "line_number": 614
      },
      {
        "type": "Secret Keyword",
        "filename": "tools/detect_secrets_scan.baseline",
        "hashed_secret": "40b8fc1f76b85bd8a0c9af8f9689e765f2ce3674",
        "is_verified": false,
        "line_number": 614
      },
      {
        "type": "Hex High Entropy String",
        "filename": "tools/detect_secrets_scan.baseline",
        "hashed_secret": "826218453a69180cea7e78adbfe33d0a60908053",
        "is_verified": false,
        "line_number": 621
      },
      {
        "type": "Secret Keyword",
        "filename": "tools/detect_secrets_scan.baseline",
        "hashed_secret": "826218453a69180cea7e78adbfe33d0a60908053",
        "is_verified": false,
        "line_number": 621
      },
      {
        "type": "Hex High Entropy String",
        "filename": "tools/detect_secrets_scan.baseline",
        "hashed_secret": "5a3252292e2fef0e089236574219ff5070ad965d",
        "is_verified": false,
        "line_number": 628
      },
      {
        "type": "Secret Keyword",
        "filename": "tools/detect_secrets_scan.baseline",
        "hashed_secret": "5a3252292e2fef0e089236574219ff5070ad965d",
        "is_verified": false,
        "line_number": 628
      },
      {
        "type": "Hex High Entropy String",
        "filename": "tools/detect_secrets_scan.baseline",
        "hashed_secret": "16caeab1a82aac08336fbc5a0e2d302cda562036",
        "is_verified": false,
        "line_number": 635
      },
      {
        "type": "Secret Keyword",
        "filename": "tools/detect_secrets_scan.baseline",
        "hashed_secret": "16caeab1a82aac08336fbc5a0e2d302cda562036",
        "is_verified": false,
        "line_number": 635
      },
      {
        "type": "Hex High Entropy String",
        "filename": "tools/detect_secrets_scan.baseline",
        "hashed_secret": "adcd267d0c737f00399de47a5d230ac553938fa6",
        "is_verified": false,
        "line_number": 642
      },
      {
        "type": "Secret Keyword",
        "filename": "tools/detect_secrets_scan.baseline",
        "hashed_secret": "adcd267d0c737f00399de47a5d230ac553938fa6",
        "is_verified": false,
        "line_number": 642
      },
      {
        "type": "Hex High Entropy String",
        "filename": "tools/detect_secrets_scan.baseline",
        "hashed_secret": "c55685574dd61c1d4274873eb7bed9b7602e6370",
        "is_verified": false,
        "line_number": 649
      },
      {
        "type": "Secret Keyword",
        "filename": "tools/detect_secrets_scan.baseline",
        "hashed_secret": "c55685574dd61c1d4274873eb7bed9b7602e6370",
        "is_verified": false,
        "line_number": 649
      },
      {
        "type": "Hex High Entropy String",
        "filename": "tools/detect_secrets_scan.baseline",
        "hashed_secret": "8a6939f6b5aa570668d78bd4c5e20699b3f69693",
        "is_verified": false,
        "line_number": 656
      },
      {
        "type": "Secret Keyword",
        "filename": "tools/detect_secrets_scan.baseline",
        "hashed_secret": "8a6939f6b5aa570668d78bd4c5e20699b3f69693",
        "is_verified": false,
        "line_number": 656
      },
      {
        "type": "Hex High Entropy String",
        "filename": "tools/detect_secrets_scan.baseline",
        "hashed_secret": "b824a6edbbc3e015c1f98bc1a9596f79b9705226",
        "is_verified": false,
        "line_number": 663
      },
      {
        "type": "Secret Keyword",
        "filename": "tools/detect_secrets_scan.baseline",
        "hashed_secret": "b824a6edbbc3e015c1f98bc1a9596f79b9705226",
        "is_verified": false,
        "line_number": 663
      },
      {
        "type": "Hex High Entropy String",
        "filename": "tools/detect_secrets_scan.baseline",
        "hashed_secret": "4356e329740222167b1f7fe2a7e254eef7e6e849",
        "is_verified": false,
        "line_number": 670
      },
      {
        "type": "Secret Keyword",
        "filename": "tools/detect_secrets_scan.baseline",
        "hashed_secret": "4356e329740222167b1f7fe2a7e254eef7e6e849",
        "is_verified": false,
        "line_number": 670
      },
      {
        "type": "Hex High Entropy String",
        "filename": "tools/detect_secrets_scan.baseline",
        "hashed_secret": "1eec2a5ac19135df82e38308e423f31723762166",
        "is_verified": false,
        "line_number": 677
      },
      {
        "type": "Secret Keyword",
        "filename": "tools/detect_secrets_scan.baseline",
        "hashed_secret": "1eec2a5ac19135df82e38308e423f31723762166",
        "is_verified": false,
        "line_number": 677
      },
      {
        "type": "Hex High Entropy String",
        "filename": "tools/detect_secrets_scan.baseline",
        "hashed_secret": "844d6225b7648e5313887432a8a073dac9748952",
        "is_verified": false,
        "line_number": 684
      },
      {
        "type": "Secret Keyword",
        "filename": "tools/detect_secrets_scan.baseline",
        "hashed_secret": "844d6225b7648e5313887432a8a073dac9748952",
        "is_verified": false,
        "line_number": 684
      },
      {
        "type": "Hex High Entropy String",
        "filename": "tools/detect_secrets_scan.baseline",
        "hashed_secret": "2da41de479dcdebb6bf5c5adce5f4c8c593132ea",
        "is_verified": false,
        "line_number": 693
      },
      {
        "type": "Secret Keyword",
        "filename": "tools/detect_secrets_scan.baseline",
        "hashed_secret": "2da41de479dcdebb6bf5c5adce5f4c8c593132ea",
        "is_verified": false,
        "line_number": 693
      },
      {
        "type": "Hex High Entropy String",
        "filename": "tools/detect_secrets_scan.baseline",
        "hashed_secret": "aee41830ea3ca14bcfb25429661768ef13ba7145",
        "is_verified": false,
        "line_number": 793
      },
      {
        "type": "Secret Keyword",
        "filename": "tools/detect_secrets_scan.baseline",
        "hashed_secret": "aee41830ea3ca14bcfb25429661768ef13ba7145",
        "is_verified": false,
        "line_number": 793
      },
      {
        "type": "Hex High Entropy String",
        "filename": "tools/detect_secrets_scan.baseline",
        "hashed_secret": "9718449ab965b52c8c40ce526f7b2c86b6d25b22",
        "is_verified": false,
        "line_number": 802
      },
      {
        "type": "Secret Keyword",
        "filename": "tools/detect_secrets_scan.baseline",
        "hashed_secret": "9718449ab965b52c8c40ce526f7b2c86b6d25b22",
        "is_verified": false,
        "line_number": 802
      }
    ]
  },
  "generated_at": "2025-12-10T14:20:59Z"
}
