{
  "version": "1.5.0",
  "plugins_used": [
    {
      "name": "ArtifactoryDetector"
    },
    {
      "name": "AWSKeyDetector"
    },
    {
      "name": "AzureStorageKeyDetector"
    },
    {
      "name": "Base64HighEntropyString",
      "limit": 4.5
    },
    {
      "name": "BasicAuthDetector"
    },
    {
      "name": "CloudantDetector"
    },
    {
      "name": "DiscordBotTokenDetector"
    },
    {
      "name": "GitHubTokenDetector"
    },
    {
      "name": "GitLabTokenDetector"
    },
    {
      "name": "HexHighEntropyString",
      "limit": 3.0
    },
    {
      "name": "IbmCloudIamDetector"
    },
    {
      "name": "IbmCosHmacDetector"
    },
    {
      "name": "IPPublicDetector"
    },
    {
      "name": "JwtTokenDetector"
    },
    {
      "name": "KeywordDetector",
      "keyword_exclude": ""
    },
    {
      "name": "MailchimpDetector"
    },
    {
      "name": "NpmDetector"
    },
    {
      "name": "OpenAIDetector"
    },
    {
      "name": "PrivateKeyDetector"
    },
    {
      "name": "PypiTokenDetector"
    },
    {
      "name": "SendGridDetector"
    },
    {
      "name": "SlackDetector"
    },
    {
      "name": "SoftlayerDetector"
    },
    {
      "name": "SquareOAuthDetector"
    },
    {
      "name": "StripeDetector"
    },
    {
      "name": "TelegramBotTokenDetector"
    },
    {
      "name": "TwilioKeyDetector"
    }
  ],
  "filters_used": [
    {
      "path": "detect_secrets.filters.allowlist.is_line_allowlisted"
    },
    {
      "path": "detect_secrets.filters.common.is_ignored_due_to_verification_policies",
      "min_level": 2
    },
    {
      "path": "detect_secrets.filters.heuristic.is_indirect_reference"
    },
    {
      "path": "detect_secrets.filters.heuristic.is_likely_id_string"
    },
    {
      "path": "detect_secrets.filters.heuristic.is_lock_file"
    },
    {
      "path": "detect_secrets.filters.heuristic.is_not_alphanumeric_string"
    },
    {
      "path": "detect_secrets.filters.heuristic.is_potential_uuid"
    },
    {
      "path": "detect_secrets.filters.heuristic.is_prefixed_with_dollar_sign"
    },
    {
      "path": "detect_secrets.filters.heuristic.is_sequential_string"
    },
    {
      "path": "detect_secrets.filters.heuristic.is_swagger_file"
    },
    {
      "path": "detect_secrets.filters.heuristic.is_templated_secret"
    }
  ],
  "results": {
    "AI_ASSISTANT_README.md": [
      {
        "type": "Secret Keyword",
        "filename": "AI_ASSISTANT_README.md",
        "hashed_secret": "779e7304f3d26eaa9d0196326443cbfcbb853e6c",
        "is_verified": false,
        "line_number": 100
      }
    ],
    "Sf excel/SYSTEM_DOCUMENTATION.php": [
      {
        "type": "Secret Keyword",
        "filename": "Sf excel/SYSTEM_DOCUMENTATION.php",
        "hashed_secret": "26092925740e28172d4ec6276c55adfaed2b8b50",
        "is_verified": false,
        "line_number": 884
      }
    ],
    "puta-lighthouse-after-cache.json": [
      {
        "type": "Hex High Entropy String",
        "filename": "puta-lighthouse-after-cache.json",
        "hashed_secret": "ca0e17008d71ebc57f63d43b351066cedf855601",
        "is_verified": false,
        "line_number": 3227
      }
    ],
    "puta-lighthouse-after-responsive.json": [
      {
        "type": "Hex High Entropy String",
        "filename": "puta-lighthouse-after-responsive.json",
        "hashed_secret": "c4a412c4d6cafafddaec3d56e99c4045ae4cffaa",
        "is_verified": false,
        "line_number": 3287
      }
    ],
    "puta-lighthouse-local-ci.json": [
      {
        "type": "Hex High Entropy String",
        "filename": "puta-lighthouse-local-ci.json",
        "hashed_secret": "cd2606df8e6ba5f790376a9a66f0498e2387186f",
        "is_verified": false,
        "line_number": 3253
      }
    ],
    "puta-lighthouse.json": [
      {
        "type": "Hex High Entropy String",
        "filename": "puta-lighthouse.json",
        "hashed_secret": "2749d2a2fe1208ff6a0c73f3aba2b98914fd6b7d",
        "is_verified": false,
        "line_number": 3259
      }
    ],
    "quick_oracle_deploy.sh": [
      {
        "type": "Secret Keyword",
        "filename": "quick_oracle_deploy.sh",
        "hashed_secret": "dd6bd4c82448e4a1202b450df4a2b12f4995a036",
        "is_verified": false,
        "line_number": 107
      }
    ],
    "vendor/composer/autoload_files.php": [
      {
        "type": "Hex High Entropy String",
        "filename": "vendor/composer/autoload_files.php",
        "hashed_secret": "f30a04e5e0e74646cfa1f5d783423c6daad9631a",
        "is_verified": false,
        "line_number": 9
      },
      {
        "type": "Hex High Entropy String",
        "filename": "vendor/composer/autoload_files.php",
        "hashed_secret": "40f50c30819e07f92acfc5220c135611583714b3",
        "is_verified": false,
        "line_number": 10
      }
    ],
    "vendor/composer/autoload_real.php": [
      {
        "type": "Base64 High Entropy String",
        "filename": "vendor/composer/autoload_real.php",
        "hashed_secret": "f733a905c772a043721d777c14126e08f2f94df0",
        "is_verified": false,
        "line_number": 25
      }
    ],
    "vendor/composer/autoload_static.php": [
      {
        "type": "Hex High Entropy String",
        "filename": "vendor/composer/autoload_static.php",
        "hashed_secret": "f30a04e5e0e74646cfa1f5d783423c6daad9631a",
        "is_verified": false,
        "line_number": 10
      },
      {
        "type": "Hex High Entropy String",
        "filename": "vendor/composer/autoload_static.php",
        "hashed_secret": "40f50c30819e07f92acfc5220c135611583714b3",
        "is_verified": false,
        "line_number": 11
      }
    ],
    "vendor/composer/installed.json": [
      {
        "type": "Hex High Entropy String",
        "filename": "vendor/composer/installed.json",
        "hashed_secret": "8c8d80d86db186450badeb5a748282fd21e933fb",
        "is_verified": false,
        "line_number": 10
      },
      {
        "type": "Hex High Entropy String",
        "filename": "vendor/composer/installed.json",
        "hashed_secret": "b4f642f14f873c889417fb3310fa13f02936ec7e",
        "is_verified": false,
        "line_number": 92
      },
      {
        "type": "Hex High Entropy String",
        "filename": "vendor/composer/installed.json",
        "hashed_secret": "88b1ccff722fd3b7465c8dd6e2271c366eb84501",
        "is_verified": false,
        "line_number": 156
      },
      {
        "type": "Hex High Entropy String",
        "filename": "vendor/composer/installed.json",
        "hashed_secret": "a6d6e6070417ee791d26a510ae087719e7cc299e",
        "is_verified": false,
        "line_number": 237
      },
      {
        "type": "Hex High Entropy String",
        "filename": "vendor/composer/installed.json",
        "hashed_secret": "655eeeecfd7e0f355a2b36206917d42a55614082",
        "is_verified": false,
        "line_number": 291
      },
      {
        "type": "Hex High Entropy String",
        "filename": "vendor/composer/installed.json",
        "hashed_secret": "e23438a1f1d7c9928b2d78b642856086e709862c",
        "is_verified": false,
        "line_number": 350
      },
      {
        "type": "Hex High Entropy String",
        "filename": "vendor/composer/installed.json",
        "hashed_secret": "6b8c126c2da45739ceb34673c51aedccd053d62c",
        "is_verified": false,
        "line_number": 459
      },
      {
        "type": "Hex High Entropy String",
        "filename": "vendor/composer/installed.json",
        "hashed_secret": "8f29d22febc5cedb189a6db4c8d591064ac5ba76",
        "is_verified": false,
        "line_number": 514
      },
      {
        "type": "Hex High Entropy String",
        "filename": "vendor/composer/installed.json",
        "hashed_secret": "c036fcda121bae9b2317174ea561ab1c7f7777ca",
        "is_verified": false,
        "line_number": 572
      },
      {
        "type": "Hex High Entropy String",
        "filename": "vendor/composer/installed.json",
        "hashed_secret": "29aeb3b9d2952806fb99c10ee803182fd84d3a22",
        "is_verified": false,
        "line_number": 628
      },
      {
        "type": "Hex High Entropy String",
        "filename": "vendor/composer/installed.json",
        "hashed_secret": "af097e8f47f7fd83c158773140339286c5cb5fb5",
        "is_verified": false,
        "line_number": 682
      },
      {
        "type": "Hex High Entropy String",
        "filename": "vendor/composer/installed.json",
        "hashed_secret": "e661c6c7458998497a52b8e057bc016e2cbb5f78",
        "is_verified": false,
        "line_number": 736
      },
      {
        "type": "Hex High Entropy String",
        "filename": "vendor/composer/installed.json",
        "hashed_secret": "b7689ad926063ec329e2ac8334065b8d8ec9364c",
        "is_verified": false,
        "line_number": 824
      }
    ],
    "vendor/composer/installed.php": [
      {
        "type": "Hex High Entropy String",
        "filename": "vendor/composer/installed.php",
        "hashed_secret": "87306c712d48028783ead53bf4813fa8f7ad02da",
        "is_verified": false,
        "line_number": 6
      },
      {
        "type": "Hex High Entropy String",
        "filename": "vendor/composer/installed.php",
        "hashed_secret": "8c8d80d86db186450badeb5a748282fd21e933fb",
        "is_verified": false,
        "line_number": 25
      },
      {
        "type": "Hex High Entropy String",
        "filename": "vendor/composer/installed.php",
        "hashed_secret": "b4f642f14f873c889417fb3310fa13f02936ec7e",
        "is_verified": false,
        "line_number": 34
      },
      {
        "type": "Hex High Entropy String",
        "filename": "vendor/composer/installed.php",
        "hashed_secret": "88b1ccff722fd3b7465c8dd6e2271c366eb84501",
        "is_verified": false,
        "line_number": 43
      },
      {
        "type": "Hex High Entropy String",
        "filename": "vendor/composer/installed.php",
        "hashed_secret": "a6d6e6070417ee791d26a510ae087719e7cc299e",
        "is_verified": false,
        "line_number": 52
      },
      {
        "type": "Hex High Entropy String",
        "filename": "vendor/composer/installed.php",
        "hashed_secret": "655eeeecfd7e0f355a2b36206917d42a55614082",
        "is_verified": false,
        "line_number": 61
      },
      {
        "type": "Hex High Entropy String",
        "filename": "vendor/composer/installed.php",
        "hashed_secret": "e23438a1f1d7c9928b2d78b642856086e709862c",
        "is_verified": false,
        "line_number": 70
      },
      {
        "type": "Hex High Entropy String",
        "filename": "vendor/composer/installed.php",
        "hashed_secret": "6b8c126c2da45739ceb34673c51aedccd053d62c",
        "is_verified": false,
        "line_number": 79
      },
      {
        "type": "Hex High Entropy String",
        "filename": "vendor/composer/installed.php",
        "hashed_secret": "8f29d22febc5cedb189a6db4c8d591064ac5ba76",
        "is_verified": false,
        "line_number": 88
      },
      {
        "type": "Hex High Entropy String",
        "filename": "vendor/composer/installed.php",
        "hashed_secret": "c036fcda121bae9b2317174ea561ab1c7f7777ca",
        "is_verified": false,
        "line_number": 97
      },
      {
        "type": "Hex High Entropy String",
        "filename": "vendor/composer/installed.php",
        "hashed_secret": "29aeb3b9d2952806fb99c10ee803182fd84d3a22",
        "is_verified": false,
        "line_number": 106
      },
      {
        "type": "Hex High Entropy String",
        "filename": "vendor/composer/installed.php",
        "hashed_secret": "af097e8f47f7fd83c158773140339286c5cb5fb5",
        "is_verified": false,
        "line_number": 115
      },
      {
        "type": "Hex High Entropy String",
        "filename": "vendor/composer/installed.php",
        "hashed_secret": "e661c6c7458998497a52b8e057bc016e2cbb5f78",
        "is_verified": false,
        "line_number": 124
      },
      {
        "type": "Hex High Entropy String",
        "filename": "vendor/composer/installed.php",
        "hashed_secret": "b7689ad926063ec329e2ac8334065b8d8ec9364c",
        "is_verified": false,
        "line_number": 133
      }
    ],
    "vendor/ezyang/htmlpurifier/library/HTMLPurifier/ConfigSchema/schema.ser": [
      {
        "type": "Secret Keyword",
        "filename": "vendor/ezyang/htmlpurifier/library/HTMLPurifier/ConfigSchema/schema.ser",
        "hashed_secret": "3a912032bfb4392715569ad80d8a5227311e367d",
        "is_verified": false,
        "line_number": 1
      }
    ],
    "vendor/tecnickcom/tcpdf/include/tcpdf_static.php": [
      {
        "type": "Secret Keyword",
        "filename": "vendor/tecnickcom/tcpdf/include/tcpdf_static.php",
        "hashed_secret": "5ffe533b830f08a0326348a9160afafc8ada44db",
        "is_verified": false,
        "line_number": 864
      }
    ],
    "vendor/tecnickcom/tcpdf/tcpdf.php": [
      {
        "type": "Secret Keyword",
        "filename": "vendor/tecnickcom/tcpdf/tcpdf.php",
        "hashed_secret": "5ffe533b830f08a0326348a9160afafc8ada44db",
        "is_verified": false,
        "line_number": 19467
      }
    ]
  },
  "generated_at": "2025-12-10T13:59:36Z"
}
