{
  "version": "1.5.0",
  "plugins_used": [
    {
      "name": "ArtifactoryDetector"
    },
    {
      "name": "AWSKeyDetector"
    },
    {
      "name": "AzureStorageKeyDetector"
    },
    {
      "name": "Base64HighEntropyString",
      "limit": 4.5
    },
    {
      "name": "BasicAuthDetector"
    },
    {
      "name": "CloudantDetector"
    },
    {
      "name": "DiscordBotTokenDetector"
    },
    {
      "name": "GitHubTokenDetector"
    },
    {
      "name": "GitLabTokenDetector"
    },
    {
      "name": "HexHighEntropyString",
      "limit": 3.0
    },
    {
      "name": "IbmCloudIamDetector"
    },
    {
      "name": "IbmCosHmacDetector"
    },
    {
      "name": "IPPublicDetector"
    },
    {
      "name": "JwtTokenDetector"
    },
    {
      "name": "KeywordDetector",
      "keyword_exclude": ""
    },
    {
      "name": "MailchimpDetector"
    },
    {
      "name": "NpmDetector"
    },
    {
      "name": "OpenAIDetector"
    },
    {
      "name": "PrivateKeyDetector"
    },
    {
      "name": "PypiTokenDetector"
    },
    {
      "name": "SendGridDetector"
    },
    {
      "name": "SlackDetector"
    },
    {
      "name": "SoftlayerDetector"
    },
    {
      "name": "SquareOAuthDetector"
    },
    {
      "name": "StripeDetector"
    },
    {
      "name": "TelegramBotTokenDetector"
    },
    {
      "name": "TwilioKeyDetector"
    }
  ],
  "filters_used": [
    {
      "path": "detect_secrets.filters.allowlist.is_line_allowlisted"
    },
    {
      "path": "detect_secrets.filters.common.is_ignored_due_to_verification_policies",
      "min_level": 2
    },
    {
      "path": "detect_secrets.filters.heuristic.is_indirect_reference"
    },
    {
      "path": "detect_secrets.filters.heuristic.is_likely_id_string"
    },
    {
      "path": "detect_secrets.filters.heuristic.is_lock_file"
    },
    {
      "path": "detect_secrets.filters.heuristic.is_not_alphanumeric_string"
    },
    {
      "path": "detect_secrets.filters.heuristic.is_potential_uuid"
    },
    {
      "path": "detect_secrets.filters.heuristic.is_prefixed_with_dollar_sign"
    },
    {
      "path": "detect_secrets.filters.heuristic.is_sequential_string"
    },
    {
      "path": "detect_secrets.filters.heuristic.is_swagger_file"
    },
    {
      "path": "detect_secrets.filters.heuristic.is_templated_secret"
    },
    {
      "path": "detect_secrets.filters.regex.should_exclude_file",
      "pattern": [
        "vendor/",
        "puta-lighthouse.*",
        "composer.lock"
      ]
    }
  ],
  "results": {
    "AI_ASSISTANT_README.md": [
      {
        "type": "Secret Keyword",
        "filename": "AI_ASSISTANT_README.md",
        "hashed_secret": "779e7304f3d26eaa9d0196326443cbfcbb853e6c",
        "is_verified": false,
        "line_number": 100
      }
    ],
    "Sf excel/SYSTEM_DOCUMENTATION.php": [
      {
        "type": "Secret Keyword",
        "filename": "Sf excel/SYSTEM_DOCUMENTATION.php",
        "hashed_secret": "26092925740e28172d4ec6276c55adfaed2b8b50",
        "is_verified": false,
        "line_number": 884
      }
    ],
    "quick_oracle_deploy.sh": [
      {
        "type": "Secret Keyword",
        "filename": "quick_oracle_deploy.sh",
        "hashed_secret": "dd6bd4c82448e4a1202b450df4a2b12f4995a036",
        "is_verified": false,
        "line_number": 107
      }
    ],
    "tools/detect_secrets_scan.baseline": [
      {
        "type": "Hex High Entropy String",
        "filename": "tools/detect_secrets_scan.baseline",
        "hashed_secret": "74c80998ddc5d392cab07cf01c613582befd0bb0",
        "is_verified": false,
        "line_number": 130
      },
      {
        "type": "Secret Keyword",
        "filename": "tools/detect_secrets_scan.baseline",
        "hashed_secret": "74c80998ddc5d392cab07cf01c613582befd0bb0",
        "is_verified": false,
        "line_number": 130
      },
      {
        "type": "Hex High Entropy String",
        "filename": "tools/detect_secrets_scan.baseline",
        "hashed_secret": "4fbc7ed1b9420305c99c39ce4e661cc1fb1821a4",
        "is_verified": false,
        "line_number": 139
      },
      {
        "type": "Secret Keyword",
        "filename": "tools/detect_secrets_scan.baseline",
        "hashed_secret": "4fbc7ed1b9420305c99c39ce4e661cc1fb1821a4",
        "is_verified": false,
        "line_number": 139
      },
      {
        "type": "Hex High Entropy String",
        "filename": "tools/detect_secrets_scan.baseline",
        "hashed_secret": "8421dbf6cfe430fa44132af25294cb6c0eb4cd0f",
        "is_verified": false,
        "line_number": 148
      },
      {
        "type": "Secret Keyword",
        "filename": "tools/detect_secrets_scan.baseline",
        "hashed_secret": "8421dbf6cfe430fa44132af25294cb6c0eb4cd0f",
        "is_verified": false,
        "line_number": 148
      },
      {
        "type": "Hex High Entropy String",
        "filename": "tools/detect_secrets_scan.baseline",
        "hashed_secret": "70b6b1a103b1a25a3aaf5dd74f50a2cd99c4348d",
        "is_verified": false,
        "line_number": 157
      },
      {
        "type": "Secret Keyword",
        "filename": "tools/detect_secrets_scan.baseline",
        "hashed_secret": "70b6b1a103b1a25a3aaf5dd74f50a2cd99c4348d",
        "is_verified": false,
        "line_number": 157
      },
      {
        "type": "Hex High Entropy String",
        "filename": "tools/detect_secrets_scan.baseline",
        "hashed_secret": "763866cba1028520c92a8f2aa20590d1a6a6db64",
        "is_verified": false,
        "line_number": 166
      },
      {
        "type": "Secret Keyword",
        "filename": "tools/detect_secrets_scan.baseline",
        "hashed_secret": "763866cba1028520c92a8f2aa20590d1a6a6db64",
        "is_verified": false,
        "line_number": 166
      },
      {
        "type": "Hex High Entropy String",
        "filename": "tools/detect_secrets_scan.baseline",
        "hashed_secret": "d667996a31fb3b8a8d156d6eb82d8bc1282beeec",
        "is_verified": false,
        "line_number": 175
      },
      {
        "type": "Secret Keyword",
        "filename": "tools/detect_secrets_scan.baseline",
        "hashed_secret": "d667996a31fb3b8a8d156d6eb82d8bc1282beeec",
        "is_verified": false,
        "line_number": 175
      },
      {
        "type": "Hex High Entropy String",
        "filename": "tools/detect_secrets_scan.baseline",
        "hashed_secret": "487263260c46ee93ab7a837313771fc27f57b5f3",
        "is_verified": false,
        "line_number": 184
      },
      {
        "type": "Secret Keyword",
        "filename": "tools/detect_secrets_scan.baseline",
        "hashed_secret": "487263260c46ee93ab7a837313771fc27f57b5f3",
        "is_verified": false,
        "line_number": 184
      },
      {
        "type": "Hex High Entropy String",
        "filename": "tools/detect_secrets_scan.baseline",
        "hashed_secret": "e5120c74c3081ae79de464e992c1448a108cbdbc",
        "is_verified": false,
        "line_number": 193
      },
      {
        "type": "Secret Keyword",
        "filename": "tools/detect_secrets_scan.baseline",
        "hashed_secret": "e5120c74c3081ae79de464e992c1448a108cbdbc",
        "is_verified": false,
        "line_number": 193
      },
      {
        "type": "Hex High Entropy String",
        "filename": "tools/detect_secrets_scan.baseline",
        "hashed_secret": "1f28d55fa74e686b87becf8d326cc7b2bec865b8",
        "is_verified": false,
        "line_number": 207
      },
      {
        "type": "Secret Keyword",
        "filename": "tools/detect_secrets_scan.baseline",
        "hashed_secret": "1f28d55fa74e686b87becf8d326cc7b2bec865b8",
        "is_verified": false,
        "line_number": 207
      },
      {
        "type": "Hex High Entropy String",
        "filename": "tools/detect_secrets_scan.baseline",
        "hashed_secret": "c867fa36d1c0a7047f1c06b90c5e3f9d4791250c",
        "is_verified": false,
        "line_number": 221
      },
      {
        "type": "Secret Keyword",
        "filename": "tools/detect_secrets_scan.baseline",
        "hashed_secret": "c867fa36d1c0a7047f1c06b90c5e3f9d4791250c",
        "is_verified": false,
        "line_number": 221
      },
      {
        "type": "Hex High Entropy String",
        "filename": "tools/detect_secrets_scan.baseline",
        "hashed_secret": "c63ccce17d2f8402c76de7f1eb5d92b2215dfc89",
        "is_verified": false,
        "line_number": 235
      },
      {
        "type": "Secret Keyword",
        "filename": "tools/detect_secrets_scan.baseline",
        "hashed_secret": "c63ccce17d2f8402c76de7f1eb5d92b2215dfc89",
        "is_verified": false,
        "line_number": 235
      },
      {
        "type": "Hex High Entropy String",
        "filename": "tools/detect_secrets_scan.baseline",
        "hashed_secret": "dfc04507ee5c64c8ae19d98fc6ddb90a83ee5b0f",
        "is_verified": false,
        "line_number": 249
      },
      {
        "type": "Secret Keyword",
        "filename": "tools/detect_secrets_scan.baseline",
        "hashed_secret": "dfc04507ee5c64c8ae19d98fc6ddb90a83ee5b0f",
        "is_verified": false,
        "line_number": 249
      },
      {
        "type": "Hex High Entropy String",
        "filename": "tools/detect_secrets_scan.baseline",
        "hashed_secret": "cfefd6c8ccd63d657f6447243dbe1ffa3f991666",
        "is_verified": false,
        "line_number": 263
      },
      {
        "type": "Secret Keyword",
        "filename": "tools/detect_secrets_scan.baseline",
        "hashed_secret": "cfefd6c8ccd63d657f6447243dbe1ffa3f991666",
        "is_verified": false,
        "line_number": 263
      },
      {
        "type": "Hex High Entropy String",
        "filename": "tools/detect_secrets_scan.baseline",
        "hashed_secret": "534a1df3cb7f7a39c2bfb7ff4030388749f7c077",
        "is_verified": false,
        "line_number": 277
      },
      {
        "type": "Secret Keyword",
        "filename": "tools/detect_secrets_scan.baseline",
        "hashed_secret": "534a1df3cb7f7a39c2bfb7ff4030388749f7c077",
        "is_verified": false,
        "line_number": 277
      },
      {
        "type": "Hex High Entropy String",
        "filename": "tools/detect_secrets_scan.baseline",
        "hashed_secret": "46a3e21662f37c29a9238c21d7006eb1da14a263",
        "is_verified": false,
        "line_number": 291
      },
      {
        "type": "Secret Keyword",
        "filename": "tools/detect_secrets_scan.baseline",
        "hashed_secret": "46a3e21662f37c29a9238c21d7006eb1da14a263",
        "is_verified": false,
        "line_number": 291
      },
      {
        "type": "Hex High Entropy String",
        "filename": "tools/detect_secrets_scan.baseline",
        "hashed_secret": "af0a9e3411ea6577662fa00d4aca36cd6c20430f",
        "is_verified": false,
        "line_number": 305
      },
      {
        "type": "Secret Keyword",
        "filename": "tools/detect_secrets_scan.baseline",
        "hashed_secret": "af0a9e3411ea6577662fa00d4aca36cd6c20430f",
        "is_verified": false,
        "line_number": 305
      },
      {
        "type": "Hex High Entropy String",
        "filename": "tools/detect_secrets_scan.baseline",
        "hashed_secret": "9fd65c0561dec410d83afebf6d6bdac1017da37a",
        "is_verified": false,
        "line_number": 319
      },
      {
        "type": "Secret Keyword",
        "filename": "tools/detect_secrets_scan.baseline",
        "hashed_secret": "9fd65c0561dec410d83afebf6d6bdac1017da37a",
        "is_verified": false,
        "line_number": 319
      },
      {
        "type": "Hex High Entropy String",
        "filename": "tools/detect_secrets_scan.baseline",
        "hashed_secret": "b40c0b482b7551cf2269a45fb92d1e5f2334586e",
        "is_verified": false,
        "line_number": 333
      },
      {
        "type": "Secret Keyword",
        "filename": "tools/detect_secrets_scan.baseline",
        "hashed_secret": "b40c0b482b7551cf2269a45fb92d1e5f2334586e",
        "is_verified": false,
        "line_number": 333
      },
      {
        "type": "Hex High Entropy String",
        "filename": "tools/detect_secrets_scan.baseline",
        "hashed_secret": "3429c7b501a12b5a833101371c946f018fe411c8",
        "is_verified": false,
        "line_number": 347
      },
      {
        "type": "Secret Keyword",
        "filename": "tools/detect_secrets_scan.baseline",
        "hashed_secret": "3429c7b501a12b5a833101371c946f018fe411c8",
        "is_verified": false,
        "line_number": 347
      },
      {
        "type": "Hex High Entropy String",
        "filename": "tools/detect_secrets_scan.baseline",
        "hashed_secret": "44f5ff5a81063d2efafb69433e24c35fe5062702",
        "is_verified": false,
        "line_number": 361
      },
      {
        "type": "Secret Keyword",
        "filename": "tools/detect_secrets_scan.baseline",
        "hashed_secret": "44f5ff5a81063d2efafb69433e24c35fe5062702",
        "is_verified": false,
        "line_number": 361
      },
      {
        "type": "Hex High Entropy String",
        "filename": "tools/detect_secrets_scan.baseline",
        "hashed_secret": "d0a0dbb817f89b2cc08c4fdb92b4185bc6cb73aa",
        "is_verified": false,
        "line_number": 375
      },
      {
        "type": "Secret Keyword",
        "filename": "tools/detect_secrets_scan.baseline",
        "hashed_secret": "d0a0dbb817f89b2cc08c4fdb92b4185bc6cb73aa",
        "is_verified": false,
        "line_number": 375
      },
      {
        "type": "Hex High Entropy String",
        "filename": "tools/detect_secrets_scan.baseline",
        "hashed_secret": "0146d3c5e24bb1da302f334179ae0d83001e80a7",
        "is_verified": false,
        "line_number": 389
      },
      {
        "type": "Secret Keyword",
        "filename": "tools/detect_secrets_scan.baseline",
        "hashed_secret": "0146d3c5e24bb1da302f334179ae0d83001e80a7",
        "is_verified": false,
        "line_number": 389
      },
      {
        "type": "Hex High Entropy String",
        "filename": "tools/detect_secrets_scan.baseline",
        "hashed_secret": "0b5eb6b6851ec8e0db2ebe6fa472b30d46012a7a",
        "is_verified": false,
        "line_number": 403
      },
      {
        "type": "Secret Keyword",
        "filename": "tools/detect_secrets_scan.baseline",
        "hashed_secret": "0b5eb6b6851ec8e0db2ebe6fa472b30d46012a7a",
        "is_verified": false,
        "line_number": 403
      },
      {
        "type": "Hex High Entropy String",
        "filename": "tools/detect_secrets_scan.baseline",
        "hashed_secret": "745e1f8f287fb5a4312cc26d0771242c39f561cd",
        "is_verified": false,
        "line_number": 417
      },
      {
        "type": "Secret Keyword",
        "filename": "tools/detect_secrets_scan.baseline",
        "hashed_secret": "745e1f8f287fb5a4312cc26d0771242c39f561cd",
        "is_verified": false,
        "line_number": 417
      },
      {
        "type": "Hex High Entropy String",
        "filename": "tools/detect_secrets_scan.baseline",
        "hashed_secret": "50ef840f475c94a15940c9faf5e010a91a5c2234",
        "is_verified": false,
        "line_number": 431
      },
      {
        "type": "Secret Keyword",
        "filename": "tools/detect_secrets_scan.baseline",
        "hashed_secret": "50ef840f475c94a15940c9faf5e010a91a5c2234",
        "is_verified": false,
        "line_number": 431
      },
      {
        "type": "Hex High Entropy String",
        "filename": "tools/detect_secrets_scan.baseline",
        "hashed_secret": "1635111e054381beadd0329fa08fe266c5254cc1",
        "is_verified": false,
        "line_number": 445
      },
      {
        "type": "Secret Keyword",
        "filename": "tools/detect_secrets_scan.baseline",
        "hashed_secret": "1635111e054381beadd0329fa08fe266c5254cc1",
        "is_verified": false,
        "line_number": 445
      },
      {
        "type": "Hex High Entropy String",
        "filename": "tools/detect_secrets_scan.baseline",
        "hashed_secret": "93c4b294dd342a4719ecbb573f30c879b9e21c46",
        "is_verified": false,
        "line_number": 459
      },
      {
        "type": "Secret Keyword",
        "filename": "tools/detect_secrets_scan.baseline",
        "hashed_secret": "93c4b294dd342a4719ecbb573f30c879b9e21c46",
        "is_verified": false,
        "line_number": 459
      },
      {
        "type": "Hex High Entropy String",
        "filename": "tools/detect_secrets_scan.baseline",
        "hashed_secret": "429b723c7f87fa319715022cc27aa72a81ecd989",
        "is_verified": false,
        "line_number": 473
      },
      {
        "type": "Secret Keyword",
        "filename": "tools/detect_secrets_scan.baseline",
        "hashed_secret": "429b723c7f87fa319715022cc27aa72a81ecd989",
        "is_verified": false,
        "line_number": 473
      },
      {
        "type": "Hex High Entropy String",
        "filename": "tools/detect_secrets_scan.baseline",
        "hashed_secret": "bdbdfe61f63cdc6968e834fae1c3bde764276da4",
        "is_verified": false,
        "line_number": 487
      },
      {
        "type": "Secret Keyword",
        "filename": "tools/detect_secrets_scan.baseline",
        "hashed_secret": "bdbdfe61f63cdc6968e834fae1c3bde764276da4",
        "is_verified": false,
        "line_number": 487
      },
      {
        "type": "Hex High Entropy String",
        "filename": "tools/detect_secrets_scan.baseline",
        "hashed_secret": "1ede16762b8a281cb6f5639fe53cf3875e1c992f",
        "is_verified": false,
        "line_number": 501
      },
      {
        "type": "Secret Keyword",
        "filename": "tools/detect_secrets_scan.baseline",
        "hashed_secret": "1ede16762b8a281cb6f5639fe53cf3875e1c992f",
        "is_verified": false,
        "line_number": 501
      },
      {
        "type": "Hex High Entropy String",
        "filename": "tools/detect_secrets_scan.baseline",
        "hashed_secret": "9fa95d13e2a10d5a4cc2feb8e3289492d49c55d2",
        "is_verified": false,
        "line_number": 515
      },
      {
        "type": "Secret Keyword",
        "filename": "tools/detect_secrets_scan.baseline",
        "hashed_secret": "9fa95d13e2a10d5a4cc2feb8e3289492d49c55d2",
        "is_verified": false,
        "line_number": 515
      },
      {
        "type": "Hex High Entropy String",
        "filename": "tools/detect_secrets_scan.baseline",
        "hashed_secret": "5512ab7a8dba1f94f2f06d1ffbccbb04641f1c7b",
        "is_verified": false,
        "line_number": 529
      },
      {
        "type": "Secret Keyword",
        "filename": "tools/detect_secrets_scan.baseline",
        "hashed_secret": "5512ab7a8dba1f94f2f06d1ffbccbb04641f1c7b",
        "is_verified": false,
        "line_number": 529
      },
      {
        "type": "Hex High Entropy String",
        "filename": "tools/detect_secrets_scan.baseline",
        "hashed_secret": "fe67382f95bdd113926a91ab41fd9461c6ff0d31",
        "is_verified": false,
        "line_number": 543
      },
      {
        "type": "Secret Keyword",
        "filename": "tools/detect_secrets_scan.baseline",
        "hashed_secret": "fe67382f95bdd113926a91ab41fd9461c6ff0d31",
        "is_verified": false,
        "line_number": 543
      },
      {
        "type": "Hex High Entropy String",
        "filename": "tools/detect_secrets_scan.baseline",
        "hashed_secret": "08d7ef965a8b58ee50b1b070cd6fa773fa5e9ee2",
        "is_verified": false,
        "line_number": 559
      },
      {
        "type": "Secret Keyword",
        "filename": "tools/detect_secrets_scan.baseline",
        "hashed_secret": "08d7ef965a8b58ee50b1b070cd6fa773fa5e9ee2",
        "is_verified": false,
        "line_number": 559
      },
      {
        "type": "Hex High Entropy String",
        "filename": "tools/detect_secrets_scan.baseline",
        "hashed_secret": "553220324a91ef882fbf6d3e941db2fb4b626442",
        "is_verified": false,
        "line_number": 566
      },
      {
        "type": "Secret Keyword",
        "filename": "tools/detect_secrets_scan.baseline",
        "hashed_secret": "553220324a91ef882fbf6d3e941db2fb4b626442",
        "is_verified": false,
        "line_number": 566
      },
      {
        "type": "Hex High Entropy String",
        "filename": "tools/detect_secrets_scan.baseline",
        "hashed_secret": "d538aa18e6e28e3e7962bc13fabcf9b0a18773c4",
        "is_verified": false,
        "line_number": 575
      },
      {
        "type": "Secret Keyword",
        "filename": "tools/detect_secrets_scan.baseline",
        "hashed_secret": "d538aa18e6e28e3e7962bc13fabcf9b0a18773c4",
        "is_verified": false,
        "line_number": 575
      },
      {
        "type": "Hex High Entropy String",
        "filename": "tools/detect_secrets_scan.baseline",
        "hashed_secret": "e729bbf1c2dd9d8322b7dff345c4ca068885b565",
        "is_verified": false,
        "line_number": 600
      },
      {
        "type": "Secret Keyword",
        "filename": "tools/detect_secrets_scan.baseline",
        "hashed_secret": "e729bbf1c2dd9d8322b7dff345c4ca068885b565",
        "is_verified": false,
        "line_number": 600
      },
      {
        "type": "Hex High Entropy String",
        "filename": "tools/detect_secrets_scan.baseline",
        "hashed_secret": "bb05c74336af121fb12beeeb458cca736e8f6aea",
        "is_verified": false,
        "line_number": 607
      },
      {
        "type": "Secret Keyword",
        "filename": "tools/detect_secrets_scan.baseline",
        "hashed_secret": "bb05c74336af121fb12beeeb458cca736e8f6aea",
        "is_verified": false,
        "line_number": 607
      },
      {
        "type": "Hex High Entropy String",
        "filename": "tools/detect_secrets_scan.baseline",
        "hashed_secret": "40b8fc1f76b85bd8a0c9af8f9689e765f2ce3674",
        "is_verified": false,
        "line_number": 614
      },
      {
        "type": "Secret Keyword",
        "filename": "tools/detect_secrets_scan.baseline",
        "hashed_secret": "40b8fc1f76b85bd8a0c9af8f9689e765f2ce3674",
        "is_verified": false,
        "line_number": 614
      },
      {
        "type": "Hex High Entropy String",
        "filename": "tools/detect_secrets_scan.baseline",
        "hashed_secret": "826218453a69180cea7e78adbfe33d0a60908053",
        "is_verified": false,
        "line_number": 621
      },
      {
        "type": "Secret Keyword",
        "filename": "tools/detect_secrets_scan.baseline",
        "hashed_secret": "826218453a69180cea7e78adbfe33d0a60908053",
        "is_verified": false,
        "line_number": 621
      },
      {
        "type": "Hex High Entropy String",
        "filename": "tools/detect_secrets_scan.baseline",
        "hashed_secret": "5a3252292e2fef0e089236574219ff5070ad965d",
        "is_verified": false,
        "line_number": 628
      },
      {
        "type": "Secret Keyword",
        "filename": "tools/detect_secrets_scan.baseline",
        "hashed_secret": "5a3252292e2fef0e089236574219ff5070ad965d",
        "is_verified": false,
        "line_number": 628
      },
      {
        "type": "Hex High Entropy String",
        "filename": "tools/detect_secrets_scan.baseline",
        "hashed_secret": "16caeab1a82aac08336fbc5a0e2d302cda562036",
        "is_verified": false,
        "line_number": 635
      },
      {
        "type": "Secret Keyword",
        "filename": "tools/detect_secrets_scan.baseline",
        "hashed_secret": "16caeab1a82aac08336fbc5a0e2d302cda562036",
        "is_verified": false,
        "line_number": 635
      },
      {
        "type": "Hex High Entropy String",
        "filename": "tools/detect_secrets_scan.baseline",
        "hashed_secret": "adcd267d0c737f00399de47a5d230ac553938fa6",
        "is_verified": false,
        "line_number": 642
      },
      {
        "type": "Secret Keyword",
        "filename": "tools/detect_secrets_scan.baseline",
        "hashed_secret": "adcd267d0c737f00399de47a5d230ac553938fa6",
        "is_verified": false,
        "line_number": 642
      },
      {
        "type": "Hex High Entropy String",
        "filename": "tools/detect_secrets_scan.baseline",
        "hashed_secret": "c55685574dd61c1d4274873eb7bed9b7602e6370",
        "is_verified": false,
        "line_number": 649
      },
      {
        "type": "Secret Keyword",
        "filename": "tools/detect_secrets_scan.baseline",
        "hashed_secret": "c55685574dd61c1d4274873eb7bed9b7602e6370",
        "is_verified": false,
        "line_number": 649
      },
      {
        "type": "Hex High Entropy String",
        "filename": "tools/detect_secrets_scan.baseline",
        "hashed_secret": "8a6939f6b5aa570668d78bd4c5e20699b3f69693",
        "is_verified": false,
        "line_number": 656
      },
      {
        "type": "Secret Keyword",
        "filename": "tools/detect_secrets_scan.baseline",
        "hashed_secret": "8a6939f6b5aa570668d78bd4c5e20699b3f69693",
        "is_verified": false,
        "line_number": 656
      },
      {
        "type": "Hex High Entropy String",
        "filename": "tools/detect_secrets_scan.baseline",
        "hashed_secret": "b824a6edbbc3e015c1f98bc1a9596f79b9705226",
        "is_verified": false,
        "line_number": 663
      },
      {
        "type": "Secret Keyword",
        "filename": "tools/detect_secrets_scan.baseline",
        "hashed_secret": "b824a6edbbc3e015c1f98bc1a9596f79b9705226",
        "is_verified": false,
        "line_number": 663
      },
      {
        "type": "Hex High Entropy String",
        "filename": "tools/detect_secrets_scan.baseline",
        "hashed_secret": "4356e329740222167b1f7fe2a7e254eef7e6e849",
        "is_verified": false,
        "line_number": 670
      },
      {
        "type": "Secret Keyword",
        "filename": "tools/detect_secrets_scan.baseline",
        "hashed_secret": "4356e329740222167b1f7fe2a7e254eef7e6e849",
        "is_verified": false,
        "line_number": 670
      },
      {
        "type": "Hex High Entropy String",
        "filename": "tools/detect_secrets_scan.baseline",
        "hashed_secret": "1eec2a5ac19135df82e38308e423f31723762166",
        "is_verified": false,
        "line_number": 677
      },
      {
        "type": "Secret Keyword",
        "filename": "tools/detect_secrets_scan.baseline",
        "hashed_secret": "1eec2a5ac19135df82e38308e423f31723762166",
        "is_verified": false,
        "line_number": 677
      },
      {
        "type": "Hex High Entropy String",
        "filename": "tools/detect_secrets_scan.baseline",
        "hashed_secret": "844d6225b7648e5313887432a8a073dac9748952",
        "is_verified": false,
        "line_number": 684
      },
      {
        "type": "Secret Keyword",
        "filename": "tools/detect_secrets_scan.baseline",
        "hashed_secret": "844d6225b7648e5313887432a8a073dac9748952",
        "is_verified": false,
        "line_number": 684
      },
      {
        "type": "Hex High Entropy String",
        "filename": "tools/detect_secrets_scan.baseline",
        "hashed_secret": "2da41de479dcdebb6bf5c5adce5f4c8c593132ea",
        "is_verified": false,
        "line_number": 693
      },
      {
        "type": "Secret Keyword",
        "filename": "tools/detect_secrets_scan.baseline",
        "hashed_secret": "2da41de479dcdebb6bf5c5adce5f4c8c593132ea",
        "is_verified": false,
        "line_number": 693
      },
      {
        "type": "Hex High Entropy String",
        "filename": "tools/detect_secrets_scan.baseline",
        "hashed_secret": "aee41830ea3ca14bcfb25429661768ef13ba7145",
        "is_verified": false,
        "line_number": 793
      },
      {
        "type": "Secret Keyword",
        "filename": "tools/detect_secrets_scan.baseline",
        "hashed_secret": "aee41830ea3ca14bcfb25429661768ef13ba7145",
        "is_verified": false,
        "line_number": 793
      },
      {
        "type": "Hex High Entropy String",
        "filename": "tools/detect_secrets_scan.baseline",
        "hashed_secret": "9718449ab965b52c8c40ce526f7b2c86b6d25b22",
        "is_verified": false,
        "line_number": 802
      },
      {
        "type": "Secret Keyword",
        "filename": "tools/detect_secrets_scan.baseline",
        "hashed_secret": "9718449ab965b52c8c40ce526f7b2c86b6d25b22",
        "is_verified": false,
        "line_number": 802
      }
    ],
    "tools/detect_secrets_scan2.baseline": [
      {
        "type": "Hex High Entropy String",
        "filename": "tools/detect_secrets_scan2.baseline",
        "hashed_secret": "74c80998ddc5d392cab07cf01c613582befd0bb0",
        "is_verified": false,
        "line_number": 136
      },
      {
        "type": "Secret Keyword",
        "filename": "tools/detect_secrets_scan2.baseline",
        "hashed_secret": "74c80998ddc5d392cab07cf01c613582befd0bb0",
        "is_verified": false,
        "line_number": 136
      },
      {
        "type": "Hex High Entropy String",
        "filename": "tools/detect_secrets_scan2.baseline",
        "hashed_secret": "4fbc7ed1b9420305c99c39ce4e661cc1fb1821a4",
        "is_verified": false,
        "line_number": 145
      },
      {
        "type": "Secret Keyword",
        "filename": "tools/detect_secrets_scan2.baseline",
        "hashed_secret": "4fbc7ed1b9420305c99c39ce4e661cc1fb1821a4",
        "is_verified": false,
        "line_number": 145
      },
      {
        "type": "Hex High Entropy String",
        "filename": "tools/detect_secrets_scan2.baseline",
        "hashed_secret": "487263260c46ee93ab7a837313771fc27f57b5f3",
        "is_verified": false,
        "line_number": 154
      },
      {
        "type": "Secret Keyword",
        "filename": "tools/detect_secrets_scan2.baseline",
        "hashed_secret": "487263260c46ee93ab7a837313771fc27f57b5f3",
        "is_verified": false,
        "line_number": 154
      },
      {
        "type": "Hex High Entropy String",
        "filename": "tools/detect_secrets_scan2.baseline",
        "hashed_secret": "e5120c74c3081ae79de464e992c1448a108cbdbc",
        "is_verified": false,
        "line_number": 163
      },
      {
        "type": "Secret Keyword",
        "filename": "tools/detect_secrets_scan2.baseline",
        "hashed_secret": "e5120c74c3081ae79de464e992c1448a108cbdbc",
        "is_verified": false,
        "line_number": 163
      },
      {
        "type": "Hex High Entropy String",
        "filename": "tools/detect_secrets_scan2.baseline",
        "hashed_secret": "1f28d55fa74e686b87becf8d326cc7b2bec865b8",
        "is_verified": false,
        "line_number": 177
      },
      {
        "type": "Secret Keyword",
        "filename": "tools/detect_secrets_scan2.baseline",
        "hashed_secret": "1f28d55fa74e686b87becf8d326cc7b2bec865b8",
        "is_verified": false,
        "line_number": 177
      },
      {
        "type": "Hex High Entropy String",
        "filename": "tools/detect_secrets_scan2.baseline",
        "hashed_secret": "c867fa36d1c0a7047f1c06b90c5e3f9d4791250c",
        "is_verified": false,
        "line_number": 191
      },
      {
        "type": "Secret Keyword",
        "filename": "tools/detect_secrets_scan2.baseline",
        "hashed_secret": "c867fa36d1c0a7047f1c06b90c5e3f9d4791250c",
        "is_verified": false,
        "line_number": 191
      },
      {
        "type": "Hex High Entropy String",
        "filename": "tools/detect_secrets_scan2.baseline",
        "hashed_secret": "c63ccce17d2f8402c76de7f1eb5d92b2215dfc89",
        "is_verified": false,
        "line_number": 205
      },
      {
        "type": "Secret Keyword",
        "filename": "tools/detect_secrets_scan2.baseline",
        "hashed_secret": "c63ccce17d2f8402c76de7f1eb5d92b2215dfc89",
        "is_verified": false,
        "line_number": 205
      },
      {
        "type": "Hex High Entropy String",
        "filename": "tools/detect_secrets_scan2.baseline",
        "hashed_secret": "dfc04507ee5c64c8ae19d98fc6ddb90a83ee5b0f",
        "is_verified": false,
        "line_number": 219
      },
      {
        "type": "Secret Keyword",
        "filename": "tools/detect_secrets_scan2.baseline",
        "hashed_secret": "dfc04507ee5c64c8ae19d98fc6ddb90a83ee5b0f",
        "is_verified": false,
        "line_number": 219
      },
      {
        "type": "Hex High Entropy String",
        "filename": "tools/detect_secrets_scan2.baseline",
        "hashed_secret": "cfefd6c8ccd63d657f6447243dbe1ffa3f991666",
        "is_verified": false,
        "line_number": 233
      },
      {
        "type": "Secret Keyword",
        "filename": "tools/detect_secrets_scan2.baseline",
        "hashed_secret": "cfefd6c8ccd63d657f6447243dbe1ffa3f991666",
        "is_verified": false,
        "line_number": 233
      },
      {
        "type": "Hex High Entropy String",
        "filename": "tools/detect_secrets_scan2.baseline",
        "hashed_secret": "534a1df3cb7f7a39c2bfb7ff4030388749f7c077",
        "is_verified": false,
        "line_number": 247
      },
      {
        "type": "Secret Keyword",
        "filename": "tools/detect_secrets_scan2.baseline",
        "hashed_secret": "534a1df3cb7f7a39c2bfb7ff4030388749f7c077",
        "is_verified": false,
        "line_number": 247
      },
      {
        "type": "Hex High Entropy String",
        "filename": "tools/detect_secrets_scan2.baseline",
        "hashed_secret": "46a3e21662f37c29a9238c21d7006eb1da14a263",
        "is_verified": false,
        "line_number": 261
      },
      {
        "type": "Secret Keyword",
        "filename": "tools/detect_secrets_scan2.baseline",
        "hashed_secret": "46a3e21662f37c29a9238c21d7006eb1da14a263",
        "is_verified": false,
        "line_number": 261
      },
      {
        "type": "Hex High Entropy String",
        "filename": "tools/detect_secrets_scan2.baseline",
        "hashed_secret": "af0a9e3411ea6577662fa00d4aca36cd6c20430f",
        "is_verified": false,
        "line_number": 275
      },
      {
        "type": "Secret Keyword",
        "filename": "tools/detect_secrets_scan2.baseline",
        "hashed_secret": "af0a9e3411ea6577662fa00d4aca36cd6c20430f",
        "is_verified": false,
        "line_number": 275
      },
      {
        "type": "Hex High Entropy String",
        "filename": "tools/detect_secrets_scan2.baseline",
        "hashed_secret": "9fd65c0561dec410d83afebf6d6bdac1017da37a",
        "is_verified": false,
        "line_number": 289
      },
      {
        "type": "Secret Keyword",
        "filename": "tools/detect_secrets_scan2.baseline",
        "hashed_secret": "9fd65c0561dec410d83afebf6d6bdac1017da37a",
        "is_verified": false,
        "line_number": 289
      },
      {
        "type": "Hex High Entropy String",
        "filename": "tools/detect_secrets_scan2.baseline",
        "hashed_secret": "b40c0b482b7551cf2269a45fb92d1e5f2334586e",
        "is_verified": false,
        "line_number": 303
      },
      {
        "type": "Secret Keyword",
        "filename": "tools/detect_secrets_scan2.baseline",
        "hashed_secret": "b40c0b482b7551cf2269a45fb92d1e5f2334586e",
        "is_verified": false,
        "line_number": 303
      },
      {
        "type": "Hex High Entropy String",
        "filename": "tools/detect_secrets_scan2.baseline",
        "hashed_secret": "3429c7b501a12b5a833101371c946f018fe411c8",
        "is_verified": false,
        "line_number": 317
      },
      {
        "type": "Secret Keyword",
        "filename": "tools/detect_secrets_scan2.baseline",
        "hashed_secret": "3429c7b501a12b5a833101371c946f018fe411c8",
        "is_verified": false,
        "line_number": 317
      },
      {
        "type": "Hex High Entropy String",
        "filename": "tools/detect_secrets_scan2.baseline",
        "hashed_secret": "44f5ff5a81063d2efafb69433e24c35fe5062702",
        "is_verified": false,
        "line_number": 331
      },
      {
        "type": "Secret Keyword",
        "filename": "tools/detect_secrets_scan2.baseline",
        "hashed_secret": "44f5ff5a81063d2efafb69433e24c35fe5062702",
        "is_verified": false,
        "line_number": 331
      },
      {
        "type": "Hex High Entropy String",
        "filename": "tools/detect_secrets_scan2.baseline",
        "hashed_secret": "d0a0dbb817f89b2cc08c4fdb92b4185bc6cb73aa",
        "is_verified": false,
        "line_number": 345
      },
      {
        "type": "Secret Keyword",
        "filename": "tools/detect_secrets_scan2.baseline",
        "hashed_secret": "d0a0dbb817f89b2cc08c4fdb92b4185bc6cb73aa",
        "is_verified": false,
        "line_number": 345
      },
      {
        "type": "Hex High Entropy String",
        "filename": "tools/detect_secrets_scan2.baseline",
        "hashed_secret": "0146d3c5e24bb1da302f334179ae0d83001e80a7",
        "is_verified": false,
        "line_number": 359
      },
      {
        "type": "Secret Keyword",
        "filename": "tools/detect_secrets_scan2.baseline",
        "hashed_secret": "0146d3c5e24bb1da302f334179ae0d83001e80a7",
        "is_verified": false,
        "line_number": 359
      },
      {
        "type": "Hex High Entropy String",
        "filename": "tools/detect_secrets_scan2.baseline",
        "hashed_secret": "0b5eb6b6851ec8e0db2ebe6fa472b30d46012a7a",
        "is_verified": false,
        "line_number": 373
      },
      {
        "type": "Secret Keyword",
        "filename": "tools/detect_secrets_scan2.baseline",
        "hashed_secret": "0b5eb6b6851ec8e0db2ebe6fa472b30d46012a7a",
        "is_verified": false,
        "line_number": 373
      },
      {
        "type": "Hex High Entropy String",
        "filename": "tools/detect_secrets_scan2.baseline",
        "hashed_secret": "745e1f8f287fb5a4312cc26d0771242c39f561cd",
        "is_verified": false,
        "line_number": 387
      },
      {
        "type": "Secret Keyword",
        "filename": "tools/detect_secrets_scan2.baseline",
        "hashed_secret": "745e1f8f287fb5a4312cc26d0771242c39f561cd",
        "is_verified": false,
        "line_number": 387
      },
      {
        "type": "Hex High Entropy String",
        "filename": "tools/detect_secrets_scan2.baseline",
        "hashed_secret": "50ef840f475c94a15940c9faf5e010a91a5c2234",
        "is_verified": false,
        "line_number": 401
      },
      {
        "type": "Secret Keyword",
        "filename": "tools/detect_secrets_scan2.baseline",
        "hashed_secret": "50ef840f475c94a15940c9faf5e010a91a5c2234",
        "is_verified": false,
        "line_number": 401
      },
      {
        "type": "Hex High Entropy String",
        "filename": "tools/detect_secrets_scan2.baseline",
        "hashed_secret": "1635111e054381beadd0329fa08fe266c5254cc1",
        "is_verified": false,
        "line_number": 415
      },
      {
        "type": "Secret Keyword",
        "filename": "tools/detect_secrets_scan2.baseline",
        "hashed_secret": "1635111e054381beadd0329fa08fe266c5254cc1",
        "is_verified": false,
        "line_number": 415
      },
      {
        "type": "Hex High Entropy String",
        "filename": "tools/detect_secrets_scan2.baseline",
        "hashed_secret": "93c4b294dd342a4719ecbb573f30c879b9e21c46",
        "is_verified": false,
        "line_number": 429
      },
      {
        "type": "Secret Keyword",
        "filename": "tools/detect_secrets_scan2.baseline",
        "hashed_secret": "93c4b294dd342a4719ecbb573f30c879b9e21c46",
        "is_verified": false,
        "line_number": 429
      },
      {
        "type": "Hex High Entropy String",
        "filename": "tools/detect_secrets_scan2.baseline",
        "hashed_secret": "429b723c7f87fa319715022cc27aa72a81ecd989",
        "is_verified": false,
        "line_number": 443
      },
      {
        "type": "Secret Keyword",
        "filename": "tools/detect_secrets_scan2.baseline",
        "hashed_secret": "429b723c7f87fa319715022cc27aa72a81ecd989",
        "is_verified": false,
        "line_number": 443
      },
      {
        "type": "Hex High Entropy String",
        "filename": "tools/detect_secrets_scan2.baseline",
        "hashed_secret": "bdbdfe61f63cdc6968e834fae1c3bde764276da4",
        "is_verified": false,
        "line_number": 457
      },
      {
        "type": "Secret Keyword",
        "filename": "tools/detect_secrets_scan2.baseline",
        "hashed_secret": "bdbdfe61f63cdc6968e834fae1c3bde764276da4",
        "is_verified": false,
        "line_number": 457
      },
      {
        "type": "Hex High Entropy String",
        "filename": "tools/detect_secrets_scan2.baseline",
        "hashed_secret": "1ede16762b8a281cb6f5639fe53cf3875e1c992f",
        "is_verified": false,
        "line_number": 471
      },
      {
        "type": "Secret Keyword",
        "filename": "tools/detect_secrets_scan2.baseline",
        "hashed_secret": "1ede16762b8a281cb6f5639fe53cf3875e1c992f",
        "is_verified": false,
        "line_number": 471
      },
      {
        "type": "Hex High Entropy String",
        "filename": "tools/detect_secrets_scan2.baseline",
        "hashed_secret": "9fa95d13e2a10d5a4cc2feb8e3289492d49c55d2",
        "is_verified": false,
        "line_number": 485
      },
      {
        "type": "Secret Keyword",
        "filename": "tools/detect_secrets_scan2.baseline",
        "hashed_secret": "9fa95d13e2a10d5a4cc2feb8e3289492d49c55d2",
        "is_verified": false,
        "line_number": 485
      },
      {
        "type": "Hex High Entropy String",
        "filename": "tools/detect_secrets_scan2.baseline",
        "hashed_secret": "5512ab7a8dba1f94f2f06d1ffbccbb04641f1c7b",
        "is_verified": false,
        "line_number": 499
      },
      {
        "type": "Secret Keyword",
        "filename": "tools/detect_secrets_scan2.baseline",
        "hashed_secret": "5512ab7a8dba1f94f2f06d1ffbccbb04641f1c7b",
        "is_verified": false,
        "line_number": 499
      },
      {
        "type": "Hex High Entropy String",
        "filename": "tools/detect_secrets_scan2.baseline",
        "hashed_secret": "fe67382f95bdd113926a91ab41fd9461c6ff0d31",
        "is_verified": false,
        "line_number": 513
      },
      {
        "type": "Secret Keyword",
        "filename": "tools/detect_secrets_scan2.baseline",
        "hashed_secret": "fe67382f95bdd113926a91ab41fd9461c6ff0d31",
        "is_verified": false,
        "line_number": 513
      },
      {
        "type": "Hex High Entropy String",
        "filename": "tools/detect_secrets_scan2.baseline",
        "hashed_secret": "cb3b5984d0d39434a00f4bc12e0d95b7d65478bb",
        "is_verified": false,
        "line_number": 627
      },
      {
        "type": "Secret Keyword",
        "filename": "tools/detect_secrets_scan2.baseline",
        "hashed_secret": "cb3b5984d0d39434a00f4bc12e0d95b7d65478bb",
        "is_verified": false,
        "line_number": 627
      },
      {
        "type": "Hex High Entropy String",
        "filename": "tools/detect_secrets_scan2.baseline",
        "hashed_secret": "48e1e89d2a44cd49ed66d05dfb28d1b927489d82",
        "is_verified": false,
        "line_number": 641
      },
      {
        "type": "Secret Keyword",
        "filename": "tools/detect_secrets_scan2.baseline",
        "hashed_secret": "48e1e89d2a44cd49ed66d05dfb28d1b927489d82",
        "is_verified": false,
        "line_number": 641
      },
      {
        "type": "Hex High Entropy String",
        "filename": "tools/detect_secrets_scan2.baseline",
        "hashed_secret": "9cb2b0ad8242c6a6249d892f12d698854fad8964",
        "is_verified": false,
        "line_number": 655
      },
      {
        "type": "Secret Keyword",
        "filename": "tools/detect_secrets_scan2.baseline",
        "hashed_secret": "9cb2b0ad8242c6a6249d892f12d698854fad8964",
        "is_verified": false,
        "line_number": 655
      },
      {
        "type": "Hex High Entropy String",
        "filename": "tools/detect_secrets_scan2.baseline",
        "hashed_secret": "7257f4950d2cf2b4f465254b71a05ddc79a6c685",
        "is_verified": false,
        "line_number": 669
      },
      {
        "type": "Secret Keyword",
        "filename": "tools/detect_secrets_scan2.baseline",
        "hashed_secret": "7257f4950d2cf2b4f465254b71a05ddc79a6c685",
        "is_verified": false,
        "line_number": 669
      },
      {
        "type": "Hex High Entropy String",
        "filename": "tools/detect_secrets_scan2.baseline",
        "hashed_secret": "b0c09745a99bb23345f74faf5b93f1a2cb2998d2",
        "is_verified": false,
        "line_number": 683
      },
      {
        "type": "Secret Keyword",
        "filename": "tools/detect_secrets_scan2.baseline",
        "hashed_secret": "b0c09745a99bb23345f74faf5b93f1a2cb2998d2",
        "is_verified": false,
        "line_number": 683
      },
      {
        "type": "Hex High Entropy String",
        "filename": "tools/detect_secrets_scan2.baseline",
        "hashed_secret": "22394ad3e120a20d9740eff714e8f5ca4db880da",
        "is_verified": false,
        "line_number": 697
      },
      {
        "type": "Secret Keyword",
        "filename": "tools/detect_secrets_scan2.baseline",
        "hashed_secret": "22394ad3e120a20d9740eff714e8f5ca4db880da",
        "is_verified": false,
        "line_number": 697
      },
      {
        "type": "Hex High Entropy String",
        "filename": "tools/detect_secrets_scan2.baseline",
        "hashed_secret": "c31956019b5152fb50b654892598fddc7bf3d0f0",
        "is_verified": false,
        "line_number": 711
      },
      {
        "type": "Secret Keyword",
        "filename": "tools/detect_secrets_scan2.baseline",
        "hashed_secret": "c31956019b5152fb50b654892598fddc7bf3d0f0",
        "is_verified": false,
        "line_number": 711
      },
      {
        "type": "Hex High Entropy String",
        "filename": "tools/detect_secrets_scan2.baseline",
        "hashed_secret": "e9a14feda2e8ae9a180a6fbe2b3e3967a8904a9c",
        "is_verified": false,
        "line_number": 725
      },
      {
        "type": "Secret Keyword",
        "filename": "tools/detect_secrets_scan2.baseline",
        "hashed_secret": "e9a14feda2e8ae9a180a6fbe2b3e3967a8904a9c",
        "is_verified": false,
        "line_number": 725
      },
      {
        "type": "Hex High Entropy String",
        "filename": "tools/detect_secrets_scan2.baseline",
        "hashed_secret": "cee6e7810b19b4d8334fa2db923ba12c17c842e1",
        "is_verified": false,
        "line_number": 739
      },
      {
        "type": "Secret Keyword",
        "filename": "tools/detect_secrets_scan2.baseline",
        "hashed_secret": "cee6e7810b19b4d8334fa2db923ba12c17c842e1",
        "is_verified": false,
        "line_number": 739
      },
      {
        "type": "Hex High Entropy String",
        "filename": "tools/detect_secrets_scan2.baseline",
        "hashed_secret": "7a4cbb6e8df17b9a8703bd13ab88016313d2d473",
        "is_verified": false,
        "line_number": 753
      },
      {
        "type": "Secret Keyword",
        "filename": "tools/detect_secrets_scan2.baseline",
        "hashed_secret": "7a4cbb6e8df17b9a8703bd13ab88016313d2d473",
        "is_verified": false,
        "line_number": 753
      },
      {
        "type": "Hex High Entropy String",
        "filename": "tools/detect_secrets_scan2.baseline",
        "hashed_secret": "ca5aa24d88d5b7f8656bc2f513f2a57d71d5f406",
        "is_verified": false,
        "line_number": 767
      },
      {
        "type": "Secret Keyword",
        "filename": "tools/detect_secrets_scan2.baseline",
        "hashed_secret": "ca5aa24d88d5b7f8656bc2f513f2a57d71d5f406",
        "is_verified": false,
        "line_number": 767
      },
      {
        "type": "Hex High Entropy String",
        "filename": "tools/detect_secrets_scan2.baseline",
        "hashed_secret": "1ca69b432badb1b5dd4e1e53367bf95da32f28d3",
        "is_verified": false,
        "line_number": 781
      },
      {
        "type": "Secret Keyword",
        "filename": "tools/detect_secrets_scan2.baseline",
        "hashed_secret": "1ca69b432badb1b5dd4e1e53367bf95da32f28d3",
        "is_verified": false,
        "line_number": 781
      },
      {
        "type": "Hex High Entropy String",
        "filename": "tools/detect_secrets_scan2.baseline",
        "hashed_secret": "8bfe9258fe47f7dd83d6ea9b4565a85d7df5e16a",
        "is_verified": false,
        "line_number": 795
      },
      {
        "type": "Secret Keyword",
        "filename": "tools/detect_secrets_scan2.baseline",
        "hashed_secret": "8bfe9258fe47f7dd83d6ea9b4565a85d7df5e16a",
        "is_verified": false,
        "line_number": 795
      },
      {
        "type": "Hex High Entropy String",
        "filename": "tools/detect_secrets_scan2.baseline",
        "hashed_secret": "da5e797e3f195016922c782bdd2269e06ac375ed",
        "is_verified": false,
        "line_number": 809
      },
      {
        "type": "Secret Keyword",
        "filename": "tools/detect_secrets_scan2.baseline",
        "hashed_secret": "da5e797e3f195016922c782bdd2269e06ac375ed",
        "is_verified": false,
        "line_number": 809
      },
      {
        "type": "Hex High Entropy String",
        "filename": "tools/detect_secrets_scan2.baseline",
        "hashed_secret": "92b6453e97be90bf9bab52ff154c21dfefb97b0d",
        "is_verified": false,
        "line_number": 823
      },
      {
        "type": "Secret Keyword",
        "filename": "tools/detect_secrets_scan2.baseline",
        "hashed_secret": "92b6453e97be90bf9bab52ff154c21dfefb97b0d",
        "is_verified": false,
        "line_number": 823
      },
      {
        "type": "Hex High Entropy String",
        "filename": "tools/detect_secrets_scan2.baseline",
        "hashed_secret": "7fcf9be71f8df42cfdf7d81dc223d3af06da5d3c",
        "is_verified": false,
        "line_number": 837
      },
      {
        "type": "Secret Keyword",
        "filename": "tools/detect_secrets_scan2.baseline",
        "hashed_secret": "7fcf9be71f8df42cfdf7d81dc223d3af06da5d3c",
        "is_verified": false,
        "line_number": 837
      },
      {
        "type": "Hex High Entropy String",
        "filename": "tools/detect_secrets_scan2.baseline",
        "hashed_secret": "5724f49780138d06fd3d7af69658a3a13e7ea804",
        "is_verified": false,
        "line_number": 851
      },
      {
        "type": "Secret Keyword",
        "filename": "tools/detect_secrets_scan2.baseline",
        "hashed_secret": "5724f49780138d06fd3d7af69658a3a13e7ea804",
        "is_verified": false,
        "line_number": 851
      },
      {
        "type": "Hex High Entropy String",
        "filename": "tools/detect_secrets_scan2.baseline",
        "hashed_secret": "34fff7e043a1c98a7312e81e82d699172b40c2a1",
        "is_verified": false,
        "line_number": 865
      },
      {
        "type": "Secret Keyword",
        "filename": "tools/detect_secrets_scan2.baseline",
        "hashed_secret": "34fff7e043a1c98a7312e81e82d699172b40c2a1",
        "is_verified": false,
        "line_number": 865
      },
      {
        "type": "Hex High Entropy String",
        "filename": "tools/detect_secrets_scan2.baseline",
        "hashed_secret": "7b1a34bddf56ada4731ce9ddee58487f3d78541c",
        "is_verified": false,
        "line_number": 879
      },
      {
        "type": "Secret Keyword",
        "filename": "tools/detect_secrets_scan2.baseline",
        "hashed_secret": "7b1a34bddf56ada4731ce9ddee58487f3d78541c",
        "is_verified": false,
        "line_number": 879
      },
      {
        "type": "Hex High Entropy String",
        "filename": "tools/detect_secrets_scan2.baseline",
        "hashed_secret": "659bc01e78afe3d57efe4e7f7ae742e21a7baa52",
        "is_verified": false,
        "line_number": 893
      },
      {
        "type": "Secret Keyword",
        "filename": "tools/detect_secrets_scan2.baseline",
        "hashed_secret": "659bc01e78afe3d57efe4e7f7ae742e21a7baa52",
        "is_verified": false,
        "line_number": 893
      },
      {
        "type": "Hex High Entropy String",
        "filename": "tools/detect_secrets_scan2.baseline",
        "hashed_secret": "51914f83b9fa17380910561f6f8aa13d62f12a3b",
        "is_verified": false,
        "line_number": 907
      },
      {
        "type": "Secret Keyword",
        "filename": "tools/detect_secrets_scan2.baseline",
        "hashed_secret": "51914f83b9fa17380910561f6f8aa13d62f12a3b",
        "is_verified": false,
        "line_number": 907
      },
      {
        "type": "Hex High Entropy String",
        "filename": "tools/detect_secrets_scan2.baseline",
        "hashed_secret": "cc5a2f8d627deb25114172493373139ec8bae191",
        "is_verified": false,
        "line_number": 921
      },
      {
        "type": "Secret Keyword",
        "filename": "tools/detect_secrets_scan2.baseline",
        "hashed_secret": "cc5a2f8d627deb25114172493373139ec8bae191",
        "is_verified": false,
        "line_number": 921
      },
      {
        "type": "Hex High Entropy String",
        "filename": "tools/detect_secrets_scan2.baseline",
        "hashed_secret": "62bd369925277155e66761b8c8c292b24fad8b9a",
        "is_verified": false,
        "line_number": 935
      },
      {
        "type": "Secret Keyword",
        "filename": "tools/detect_secrets_scan2.baseline",
        "hashed_secret": "62bd369925277155e66761b8c8c292b24fad8b9a",
        "is_verified": false,
        "line_number": 935
      },
      {
        "type": "Hex High Entropy String",
        "filename": "tools/detect_secrets_scan2.baseline",
        "hashed_secret": "393cf54180c1cefb7fd106e25e75e9c4f689be0f",
        "is_verified": false,
        "line_number": 949
      },
      {
        "type": "Secret Keyword",
        "filename": "tools/detect_secrets_scan2.baseline",
        "hashed_secret": "393cf54180c1cefb7fd106e25e75e9c4f689be0f",
        "is_verified": false,
        "line_number": 949
      },
      {
        "type": "Hex High Entropy String",
        "filename": "tools/detect_secrets_scan2.baseline",
        "hashed_secret": "106935012bc555ac7ff4e6af338427ebc986ab39",
        "is_verified": false,
        "line_number": 963
      },
      {
        "type": "Secret Keyword",
        "filename": "tools/detect_secrets_scan2.baseline",
        "hashed_secret": "106935012bc555ac7ff4e6af338427ebc986ab39",
        "is_verified": false,
        "line_number": 963
      },
      {
        "type": "Hex High Entropy String",
        "filename": "tools/detect_secrets_scan2.baseline",
        "hashed_secret": "cc50ffaa3faf024fbf753155c0a6f6c1f1c23cd5",
        "is_verified": false,
        "line_number": 977
      },
      {
        "type": "Secret Keyword",
        "filename": "tools/detect_secrets_scan2.baseline",
        "hashed_secret": "cc50ffaa3faf024fbf753155c0a6f6c1f1c23cd5",
        "is_verified": false,
        "line_number": 977
      }
    ]
  },
  "generated_at": "2025-12-11T01:15:25Z"
}
